// Jest Snapshot v1, https://goo.gl/fbAQLP

exports[`BrowseStep renders and match snapshot 1`] = `
.c0 {
  padding-bottom: 16px;
}

.c4 {
  background: #4945ff;
  padding: 8px;
  padding-right: 16px;
  padding-left: 16px;
  border-radius: 4px;
  border-color: #4945ff;
  border: 1px solid #4945ff;
  cursor: pointer;
}

.c14 {
  padding-top: 4px;
  padding-bottom: 4px;
}

.c16 {
  padding: 8px;
  border-radius: 4px;
  border-color: #dcdce4;
  border: 1px solid #dcdce4;
  width: 2rem;
  height: 2rem;
  cursor: pointer;
}

.c20 {
  padding-top: 12px;
}

.c29 {
  padding-bottom: 8px;
}

.c33 {
  position: relative;
}

.c36 {
  background: #ffffff;
  padding: 12px;
  border-radius: 4px;
  border-style: solid;
  border-width: 1px;
  border-color: #eaeaef;
  box-shadow: 0px 1px 4px rgba(33,33,52,0.1);
  cursor: pointer;
}

.c37 {
  background: #eaf5ff;
  color: #66b7f1;
  padding-top: 8px;
  padding-right: 12px;
  padding-bottom: 8px;
  padding-left: 12px;
  border-radius: 4px;
}

.c39 {
  position: relative;
  overflow: hidden;
  max-width: 100%;
}

.c42 {
  padding: 4px;
  max-width: 100%;
}

.c44 {
  max-width: 100%;
}

.c51 {
  right: 16px;
}

.c54 {
  padding-top: 16px;
}

.c60 {
  padding-right: 16px;
  padding-left: 16px;
}

.c62 {
  padding-left: 12px;
}

.c65 {
  padding-left: 8px;
}

.c1 {
  -webkit-align-items: flex-start;
  -webkit-box-align: flex-start;
  -ms-flex-align: flex-start;
  align-items: flex-start;
  display: -webkit-box;
  display: -webkit-flex;
  display: -ms-flexbox;
  display: flex;
  -webkit-flex-direction: row;
  -ms-flex-direction: row;
  flex-direction: row;
  -webkit-box-pack: justify;
  -webkit-justify-content: space-between;
  -ms-flex-pack: justify;
  justify-content: space-between;
}

.c2 {
  -webkit-align-items: center;
  -webkit-box-align: center;
  -ms-flex-align: center;
  align-items: center;
  display: -webkit-box;
  display: -webkit-flex;
  display: -ms-flexbox;
  display: flex;
  -webkit-flex-direction: row;
  -ms-flex-direction: row;
  flex-direction: row;
  -webkit-flex-wrap: wrap;
  -ms-flex-wrap: wrap;
  flex-wrap: wrap;
}

.c5 {
  -webkit-align-items: center;
  -webkit-box-align: center;
  -ms-flex-align: center;
  align-items: center;
  display: -webkit-box;
  display: -webkit-flex;
  display: -ms-flexbox;
  display: flex;
  -webkit-flex-direction: row;
  -ms-flex-direction: row;
  flex-direction: row;
  gap: 8px;
}

.c10 {
  -webkit-align-items: center;
  -webkit-box-align: center;
  -ms-flex-align: center;
  align-items: center;
  display: -webkit-box;
  display: -webkit-flex;
  display: -ms-flexbox;
  display: flex;
  -webkit-flex-direction: row;
  -ms-flex-direction: row;
  flex-direction: row;
}

.c17 {
  -webkit-align-items: center;
  -webkit-box-align: center;
  -ms-flex-align: center;
  align-items: center;
  display: -webkit-box;
  display: -webkit-flex;
  display: -ms-flexbox;
  display: flex;
  -webkit-flex-direction: row;
  -ms-flex-direction: row;
  flex-direction: row;
  -webkit-box-pack: center;
  -webkit-justify-content: center;
  -ms-flex-pack: center;
  justify-content: center;
}

.c40 {
  -webkit-align-items: flex-start;
  -webkit-box-align: flex-start;
  -ms-flex-align: flex-start;
  align-items: flex-start;
  display: -webkit-box;
  display: -webkit-flex;
  display: -ms-flexbox;
  display: flex;
  -webkit-flex-direction: column;
  -ms-flex-direction: column;
  flex-direction: column;
}

.c45 {
  -webkit-align-items: start;
  -webkit-box-align: start;
  -ms-flex-align: start;
  align-items: start;
  display: -webkit-box;
  display: -webkit-flex;
  display: -ms-flexbox;
  display: flex;
  -webkit-flex-direction: column;
  -ms-flex-direction: column;
  flex-direction: column;
}

.c55 {
  -webkit-align-items: center;
  -webkit-box-align: center;
  -ms-flex-align: center;
  align-items: center;
  display: -webkit-box;
  display: -webkit-flex;
  display: -ms-flexbox;
  display: flex;
  -webkit-flex-direction: row;
  -ms-flex-direction: row;
  flex-direction: row;
  -webkit-box-pack: justify;
  -webkit-justify-content: space-between;
  -ms-flex-pack: justify;
  justify-content: space-between;
}

.c56 {
  -webkit-align-items: stretch;
  -webkit-box-align: stretch;
  -ms-flex-align: stretch;
  align-items: stretch;
  display: -webkit-box;
  display: -webkit-flex;
  display: -ms-flexbox;
  display: flex;
  -webkit-flex-direction: column;
  -ms-flex-direction: column;
  flex-direction: column;
}

.c9 {
  font-size: 0.75rem;
  line-height: 1.33;
  font-weight: 600;
  color: #ffffff;
}

.c30 {
  font-weight: 500;
  font-size: 1rem;
  line-height: 1.25;
  font-weight: 500;
  color: #32324d;
}

.c46 {
  font-size: 0.875rem;
  line-height: 1.43;
  display: block;
  white-space: nowrap;
  overflow: hidden;
  text-overflow: ellipsis;
  font-weight: 500;
  color: #32324d;
}

.c48 {
  font-size: 0.75rem;
  line-height: 1.33;
  display: block;
  white-space: nowrap;
  overflow: hidden;
  text-overflow: ellipsis;
  color: #666687;
}

.c61 {
  font-size: 0.875rem;
  line-height: 1.43;
  display: block;
  white-space: nowrap;
  overflow: hidden;
  text-overflow: ellipsis;
  color: #32324d;
}

.c66 {
  font-size: 0.875rem;
  line-height: 1.43;
  color: #666687;
}

.c72 {
  font-size: 0.75rem;
  line-height: 1.33;
  font-weight: 600;
  color: #32324d;
}

.c6 {
  position: relative;
  outline: none;
}

.c6 svg {
  height: 12px;
  width: 12px;
}

.c6 svg > g,
.c6 svg path {
  fill: #ffffff;
}

.c6[aria-disabled='true'] {
  pointer-events: none;
}

.c6:after {
  -webkit-transition-property: all;
  transition-property: all;
  -webkit-transition-duration: 0.2s;
  transition-duration: 0.2s;
  border-radius: 8px;
  content: '';
  position: absolute;
  top: -4px;
  bottom: -4px;
  left: -4px;
  right: -4px;
  border: 2px solid transparent;
}

.c6:focus-visible {
  outline: none;
}

.c6:focus-visible:after {
  border-radius: 8px;
  content: '';
  position: absolute;
  top: -5px;
  bottom: -5px;
  left: -5px;
  right: -5px;
  border: 2px solid #4945ff;
}

.c19 {
  border: 0;
  -webkit-clip: rect(0 0 0 0);
  clip: rect(0 0 0 0);
  height: 1px;
  margin: -1px;
  overflow: hidden;
  padding: 0;
  position: absolute;
  width: 1px;
}

.c7 {
  height: 2rem;
  border: 1px solid #dcdce4;
  background: #ffffff;
}

.c7[aria-disabled='true'] {
  border: 1px solid #dcdce4;
  background: #eaeaef;
}

.c7[aria-disabled='true'] .c8 {
  color: #666687;
}

.c7[aria-disabled='true'] svg > g,.c7[aria-disabled='true'] svg path {
  fill: #666687;
}

.c7[aria-disabled='true']:active {
  border: 1px solid #dcdce4;
  background: #eaeaef;
}

.c7[aria-disabled='true']:active .c8 {
  color: #666687;
}

.c7[aria-disabled='true']:active svg > g,.c7[aria-disabled='true']:active svg path {
  fill: #666687;
}

.c7:hover {
  background-color: #f6f6f9;
}

.c7:active {
  background-color: #eaeaef;
}

.c7 .c8 {
  color: #32324d;
}

.c7 svg > g,
.c7 svg path {
  fill: #32324d;
}

.c52 > * {
  margin-left: 0;
  margin-right: 0;
}

.c52 > * + * {
  margin-left: 8px;
}

.c53 {
  position: absolute;
  top: 12px;
}

.c57 {
  position: relative;
  border: 1px solid #dcdce4;
  padding-right: 12px;
  border-radius: 4px;
  background: #ffffff;
  overflow: hidden;
  min-height: 2rem;
  outline: none;
  box-shadow: 0;
  -webkit-transition-property: border-color,box-shadow,fill;
  transition-property: border-color,box-shadow,fill;
  -webkit-transition-duration: 0.2s;
  transition-duration: 0.2s;
}

.c57:focus-within {
  border: 1px solid #4945ff;
  box-shadow: #4945ff 0px 0px 0px 2px;
}

.c63 {
  background: transparent;
  border: none;
  position: relative;
  z-index: 1;
}

.c63 svg {
  height: 0.6875rem;
  width: 0.6875rem;
}

.c63 svg path {
  fill: #666687;
}

.c64 {
  display: -webkit-box;
  display: -webkit-flex;
  display: -ms-flexbox;
  display: flex;
  background: none;
  border: none;
}

.c64 svg {
  width: 0.375rem;
}

.c11 {
  display: -webkit-box;
  display: -webkit-flex;
  display: -ms-flexbox;
  display: flex;
  -webkit-align-items: center;
  -webkit-box-align: center;
  -ms-flex-align: center;
  align-items: center;
}

.c11 svg {
  height: 4px;
  width: 6px;
}

.c58 {
  position: absolute;
  left: 0;
  right: 0;
  bottom: 0;
  top: 0;
  width: 100%;
  background: transparent;
  border: none;
}

.c58:focus {
  outline: none;
}

.c58[aria-disabled='true'] {
  cursor: not-allowed;
}

.c59 {
  width: 100%;
}

.c31 {
  display: grid;
  grid-template-columns: repeat(12,1fr);
  gap: 16px;
}

.c32 {
  grid-column: span 3;
  max-width: 100%;
}

.c18 svg > g,
.c18 svg path {
  fill: #8e8ea9;
}

.c18:hover svg > g,
.c18:hover svg path {
  fill: #666687;
}

.c18:active svg > g,
.c18:active svg path {
  fill: #a5a5ba;
}

.c18[aria-disabled='true'] svg path {
  fill: #666687;
}

.c24 {
  padding-top: 4px;
  padding-right: 8px;
  padding-bottom: 4px;
  padding-left: 8px;
}

.c26 {
  padding-right: 4px;
  padding-left: 4px;
}

.c25 {
  font-size: 0.75rem;
  line-height: 1.33;
  color: #32324d;
}

.c27 {
  font-size: 0.75rem;
  line-height: 1.33;
  color: #8e8ea9;
}

.c21 {
  -webkit-align-items: center;
  -webkit-box-align: center;
  -ms-flex-align: center;
  align-items: center;
  display: -webkit-box;
  display: -webkit-flex;
  display: -ms-flexbox;
  display: flex;
  -webkit-flex-direction: row;
  -ms-flex-direction: row;
  flex-direction: row;
}

.c23 {
  -webkit-align-items: center;
  -webkit-box-align: center;
  -ms-flex-align: center;
  align-items: center;
  display: -webkit-inline-box;
  display: -webkit-inline-flex;
  display: -ms-inline-flexbox;
  display: inline-flex;
  -webkit-flex-direction: row;
  -ms-flex-direction: row;
  flex-direction: row;
}

.c22:first-child {
  margin-left: calc(-1*8px);
}

.c28 {
  border-radius: 4px;
  color: #666687;
  font-size: 0.75rem;
  line-height: 1.43;
  padding: 4px 8px;
  -webkit-text-decoration: none;
  text-decoration: none;
}

.c28:hover,
.c28:focus {
  background-color: #dcdce4;
  color: #4a4a6a;
}

.c35 {
  height: 100%;
  left: 0;
  position: absolute;
  opacity: 0;
  top: 0;
  width: 100%;
}

.c35:hover,
.c35:focus {
  -webkit-text-decoration: none;
  text-decoration: none;
}

.c38 path {
  fill: currentColor;
}

.c50 {
  display: none;
}

.c34:hover .c49,
.c34:focus-within .c49 {
  display: block;
}

.c41 {
  -webkit-user-select: none;
  -moz-user-select: none;
  -ms-user-select: none;
  user-select: none;
}

.c43:focus {
  outline: 2px solid #4945ff;
  outline-offset: -2px;
}

.c67 > * + * {
  margin-left: 4px;
}

.c73 {
  line-height: revert;
}

.c68 {
  padding: 12px;
  border-radius: 4px;
  -webkit-text-decoration: none;
  text-decoration: none;
  display: -webkit-box;
  display: -webkit-flex;
  display: -ms-flexbox;
  display: flex;
  position: relative;
  outline: none;
}

.c68:after {
  -webkit-transition-property: all;
  transition-property: all;
  -webkit-transition-duration: 0.2s;
  transition-duration: 0.2s;
  border-radius: 8px;
  content: '';
  position: absolute;
  top: -4px;
  bottom: -4px;
  left: -4px;
  right: -4px;
  border: 2px solid transparent;
}

.c68:focus-visible {
  outline: none;
}

.c68:focus-visible:after {
  border-radius: 8px;
  content: '';
  position: absolute;
  top: -5px;
  bottom: -5px;
  left: -5px;
  right: -5px;
  border: 2px solid #4945ff;
}

.c70 {
  padding: 12px;
  border-radius: 4px;
  box-shadow: 0px 1px 4px rgba(33,33,52,0.1);
  -webkit-text-decoration: none;
  text-decoration: none;
  display: -webkit-box;
  display: -webkit-flex;
  display: -ms-flexbox;
  display: flex;
  position: relative;
  outline: none;
}

.c70:after {
  -webkit-transition-property: all;
  transition-property: all;
  -webkit-transition-duration: 0.2s;
  transition-duration: 0.2s;
  border-radius: 8px;
  content: '';
  position: absolute;
  top: -4px;
  bottom: -4px;
  left: -4px;
  right: -4px;
  border: 2px solid transparent;
}

.c70:focus-visible {
  outline: none;
}

.c70:focus-visible:after {
  border-radius: 8px;
  content: '';
  position: absolute;
  top: -5px;
  bottom: -5px;
  left: -5px;
  right: -5px;
  border: 2px solid #4945ff;
}

.c71 {
  color: #271fe0;
  background: #ffffff;
}

.c71:hover {
  box-shadow: 0px 1px 4px rgba(33,33,52,0.1);
}

.c69 {
  font-size: 0.7rem;
  pointer-events: none;
}

.c69 svg path {
  fill: #c0c0cf;
}

.c69:focus svg path,
.c69:hover svg path {
  fill: #c0c0cf;
}

.c3 > * + * {
  margin-left: 8px;
}

.c12 {
  margin-left: auto;
}

.c12 > * + * {
  margin-left: 8px;
}

.c13 {
  -webkit-flex-shrink: 0;
  -ms-flex-negative: 0;
  flex-shrink: 0;
}

.c47 {
  max-width: 100%;
}

.c15 svg path {
  fill: #8e8ea9;
}

@media (max-width:68.75rem) {
  .c32 {
    grid-column: span;
  }
}

@media (max-width:34.375rem) {
  .c32 {
    grid-column: span;
  }
}

<div>
  <div
    class=""
  >
    <div
      class="c0"
    >
      <div
        class="c1"
      >
        <div
          class="c2 c3"
          wrap="wrap"
        >
          <div>
            <button
              aria-controls="0"
              aria-disabled="false"
              aria-expanded="false"
              aria-haspopup="true"
              class="c4 c5 c6 c7"
              label="Sort by"
              type="button"
            >
              <span
                class="c8 c9"
              >
                Sort by
              </span>
              <div
                aria-hidden="true"
                class="c10"
              >
                <span
                  class="c11"
                >
                  <svg
                    aria-hidden="true"
                    fill="none"
                    height="1rem"
                    viewBox="0 0 14 8"
                    width="1rem"
                    xmlns="http://www.w3.org/2000/svg"
                  >
                    <path
                      clip-rule="evenodd"
                      d="M14 .889a.86.86 0 0 1-.26.625L7.615 7.736A.834.834 0 0 1 7 8a.834.834 0 0 1-.615-.264L.26 1.514A.861.861 0 0 1 0 .889c0-.24.087-.45.26-.625A.834.834 0 0 1 .875 0h12.25c.237 0 .442.088.615.264a.86.86 0 0 1 .26.625Z"
                      fill="#32324D"
                      fill-rule="evenodd"
                    />
                  </svg>
                </span>
              </div>
            </button>
          </div>
          <button
            aria-disabled="false"
            class="c4 c5 c6 c7"
            type="button"
          >
            <div
              aria-hidden="true"
              class=""
            >
              <svg
                fill="none"
                height="1rem"
                viewBox="0 0 24 24"
                width="1rem"
                xmlns="http://www.w3.org/2000/svg"
              >
                <path
                  clip-rule="evenodd"
                  d="M0 4a2 2 0 0 1 2-2h20a2 2 0 1 1 0 4H2a2 2 0 0 1-2-2Zm4 8a2 2 0 0 1 2-2h12a2 2 0 1 1 0 4H6a2 2 0 0 1-2-2Zm6 6a2 2 0 1 0 0 4h4a2 2 0 1 0 0-4h-4Z"
                  fill="#32324D"
                  fill-rule="evenodd"
                />
              </svg>
            </div>
            <span
              class="c8 c9"
            >
              Filters
            </span>
          </button>
        </div>
        <div
          class="c10 c12 c13"
        >
          <div
            class="c14 c15"
          >
            <span>
              <button
                aria-disabled="false"
                aria-labelledby="1"
                class="c16 c17 c6 c18"
                tabindex="0"
                type="button"
              >
                <span
                  class="c19"
                >
                  List View
                </span>
                <svg
                  aria-hidden="true"
                  fill="none"
                  focusable="false"
                  height="1rem"
                  viewBox="0 0 12 12"
                  width="1rem"
                  xmlns="http://www.w3.org/2000/svg"
                >
                  <path
                    d="m2.4.1.1-.1h9.4l.1.1v2.2l-.1.1H2.5l-.1-.1V.1ZM0 4.9l.1-.1h9.4l.1.1v2.2l-.1.1H.1L0 7.1V4.9Zm2.5 4.7-.1.1v2.2l.1.1h9.4l.1-.1V9.7l-.1-.1H2.5Z"
                    fill="#8E8EA9"
                  />
                </svg>
              </button>
            </span>
          </div>
          <span>
            <button
              aria-disabled="false"
              aria-labelledby="2"
              class="c16 c17 c6 c18"
              tabindex="0"
              type="button"
            >
              <span
                class="c19"
              >
                Search
              </span>
              <svg
                aria-hidden="true"
                fill="none"
                focusable="false"
                height="1rem"
                viewBox="0 0 24 24"
                width="1rem"
                xmlns="http://www.w3.org/2000/svg"
              >
                <path
                  clip-rule="evenodd"
                  d="m23.813 20.163-5.3-5.367a9.792 9.792 0 0 0 1.312-4.867C19.825 4.455 15.375 0 9.913 0 4.45 0 0 4.455 0 9.929c0 5.473 4.45 9.928 9.912 9.928a9.757 9.757 0 0 0 5.007-1.4l5.275 5.35a.634.634 0 0 0 .913 0l2.706-2.737a.641.641 0 0 0 0-.907ZM9.91 3.867c3.338 0 6.05 2.718 6.05 6.061s-2.712 6.061-6.05 6.061c-3.337 0-6.05-2.718-6.05-6.06 0-3.344 2.713-6.062 6.05-6.062Z"
                  fill="#32324D"
                  fill-rule="evenodd"
                />
              </svg>
            </button>
          </span>
        </div>
      </div>
    </div>
    <div
      class="c20"
    >
      <nav
        aria-label="Folders navigation"
        class=""
      >
        <ol
          class="c21 c22"
        >
          <li
            class="c23"
          >
            <div
              class="c24"
            >
              <span
                aria-current="false"
                class="c25"
              >
                Media Library
              </span>
            </div>
            <div
              aria-hidden="true"
              class="c26"
            >
              <span
                class="c27"
              >
                /
              </span>
            </div>
          </li>
          <li
            class="c23"
          >
            <button
              class="c28"
              type="button"
            >
              Folder 2
            </button>
            <div
              aria-hidden="true"
              class="c26"
            >
              <span
                class="c27"
              >
                /
              </span>
            </div>
          </li>
          <li
            class="c23"
          >
            <button
              class="c28"
              type="button"
            >
              Folder 1
            </button>
          </li>
        </ol>
      </nav>
    </div>
    <div
      class=""
    >
      <div
        class="c29"
      >
        <h2
          class="c8 c30"
        >
          Folders (1)
        </h2>
      </div>
      <div
        class="c31"
      >
        <div
          class="c32"
        >
          <div
            class=""
          >
            <div
              class="c33 c34"
              tabindex="0"
            >
              <button
                aria-hidden="true"
                aria-label="Folder 1"
                class="c35"
                tabindex="-1"
                type="button"
              />
              <div
                class="c36 c5"
              >
                <div
                  class="c37"
                >
                  <svg
                    class="c38"
                    fill="none"
                    height="1.5rem"
                    viewBox="0 0 24 24"
                    width="1.5rem"
                    xmlns="http://www.w3.org/2000/svg"
                  >
                    <path
                      d="M12.414 5H21a1 1 0 0 1 1 1v14a1 1 0 0 1-1 1H3a1 1 0 0 1-1-1V4a1 1 0 0 1 1-1h7.414l2 2Z"
                      fill="#212134"
                    />
                  </svg>
                </div>
                <div
                  class="c39 c40 c41"
                  id="folder-1-1-title"
                  overflow="hidden"
                >
                  <button
                    class="c42 c43"
                    type="button"
                  >
                    <h2
                      class="c44 c45"
                    >
                      <span
                        class="c8 c46 c47"
                      >
                        Folder 1
                        <div
                          class="c19"
                        >
                          -
                        </div>
                      </span>
                      <span
                        class="c8 c48 c47"
                      >
                        1 folder, 1 asset
                      </span>
                    </h2>
                  </button>
                </div>
                <div
                  class="c49 c50"
                >
                  <div
                    class="c51 c10 c52 c53"
                  >
                    <button
                      aria-disabled="false"
                      class="c16 c17 c6 c18"
                      type="button"
                    >
                      <span
                        class="c19"
                      >
                        Edit folder
                      </span>
                      <svg
                        aria-hidden="true"
                        fill="none"
                        focusable="false"
                        height="1rem"
                        viewBox="0 0 24 24"
                        width="1rem"
                        xmlns="http://www.w3.org/2000/svg"
                      >
                        <path
                          clip-rule="evenodd"
                          d="M23.604 3.514c.528.528.528 1.36 0 1.887l-2.622 2.607-4.99-4.99L18.6.396a1.322 1.322 0 0 1 1.887 0l3.118 3.118ZM0 24v-4.99l14.2-14.2 4.99 4.99L4.99 24H0Z"
                          fill="#212134"
                          fill-rule="evenodd"
                        />
                      </svg>
                    </button>
                  </div>
                </div>
              </div>
            </div>
          </div>
        </div>
      </div>
    </div>
    <div
      class="c54 c55"
    >
      <div
        class="c10"
      >
        <div
          class=""
        >
          <div
            class="c56"
          >
            <div
              class="c10 c57"
            >
              <button
                aria-disabled="false"
                aria-expanded="false"
                aria-haspopup="listbox"
                aria-label="Entries per page"
                aria-labelledby="4 4-label 4-content"
                class="c58"
                id="4"
                type="button"
              />
              <div
                class="c55 c59"
              >
                <div
                  class="c10"
                >
                  <div
                    class="c60"
                  >
                    <span
                      class="c8 c61"
                      id="4-content"
                    >
                      10
                    </span>
                  </div>
                </div>
                <div
                  class="c10"
                >
                  <button
                    aria-hidden="true"
                    class="c62 c63 c64"
                    tabindex="-1"
                    title="Carret Down Button"
                    type="button"
                  >
                    <svg
                      fill="none"
                      height="1rem"
                      viewBox="0 0 14 8"
                      width="1rem"
                      xmlns="http://www.w3.org/2000/svg"
                    >
                      <path
                        clip-rule="evenodd"
                        d="M14 .889a.86.86 0 0 1-.26.625L7.615 7.736A.834.834 0 0 1 7 8a.834.834 0 0 1-.615-.264L.26 1.514A.861.861 0 0 1 0 .889c0-.24.087-.45.26-.625A.834.834 0 0 1 .875 0h12.25c.237 0 .442.088.615.264a.86.86 0 0 1 .26.625Z"
                        fill="#32324D"
                        fill-rule="evenodd"
                      />
                    </svg>
                  </button>
                </div>
              </div>
            </div>
          </div>
        </div>
        <div
          class="c65"
        >
          <label
            class="c8 c66"
            for="page-size"
          >
            Entries per page
          </label>
        </div>
      </div>
      <nav
        aria-label="pagination"
        class=""
      >
        <ul
          class="c10 c67"
        >
          <li>
            <button
              aria-disabled="true"
              class="c68 c69"
              tabindex="-1"
              type="button"
            >
              <div
                class="c19"
              >
                Go to previous page
              </div>
              <svg
                aria-hidden="true"
                fill="none"
                height="1rem"
                viewBox="0 0 10 16"
                width="1rem"
                xmlns="http://www.w3.org/2000/svg"
              >
                <path
                  d="M9.88 14.12 3.773 8 9.88 1.88 8 0 0 8l8 8 1.88-1.88Z"
                  fill="#32324D"
                />
              </svg>
            </button>
          </li>
          <li>
            <button
              class="c70 c71"
              type="button"
            >
              <div
                class="c19"
              >
                Go to page 1
              </div>
              <span
                aria-hidden="true"
                class="c8 c72 c73"
              >
                1
              </span>
            </button>
          </li>
          <li>
            <button
              aria-disabled="true"
              class="c68 c69"
              tabindex="-1"
              type="button"
            >
              <div
                class="c19"
              >
                Go to next page
              </div>
              <svg
                aria-hidden="true"
                fill="none"
                height="1rem"
                viewBox="0 0 10 16"
                width="1rem"
                xmlns="http://www.w3.org/2000/svg"
              >
                <path
                  d="M0 1.88 6.107 8 0 14.12 1.88 16l8-8-8-8L0 1.88Z"
                  fill="#32324D"
                />
              </svg>
            </button>
          </li>
        </ul>
      </nav>
    </div>
  </div>
  <div
    class="c19"
  >
    <p
      aria-live="polite"
      aria-relevant="all"
      id="live-region-log"
      role="log"
    />
    <p
      aria-live="polite"
      aria-relevant="all"
      id="live-region-status"
      role="status"
    />
    <p
      aria-live="assertive"
      aria-relevant="all"
      id="live-region-alert"
      role="alert"
    />
  </div>
</div>
`;
