// Jest Snapshot v1, https://goo.gl/fbAQLP

exports[`<EditAssetDialog /> renders and matches the snapshot 1`] = `
.c1 {
  padding-right: 40px;
  padding-left: 40px;
  position: fixed;
  z-index: 4;
}

.c4 {
  background: #ffffff;
  border-radius: 4px;
  box-shadow: 0px 2px 15px rgba(33,33,52,0.1);
}

.c6 {
  background: #f6f6f9;
  padding-top: 16px;
  padding-right: 20px;
  padding-bottom: 16px;
  padding-left: 20px;
}

.c11 {
  padding: 8px;
  border-radius: 4px;
  border-color: #dcdce4;
  border: 1px solid #dcdce4;
  width: 2rem;
  height: 2rem;
  cursor: pointer;
}

.c14 {
  padding: 32px;
}

.c18 {
  background: #eaeaef;
  border-radius: 4px;
  border-color: #dcdce4;
  border: 1px solid #dcdce4;
}

.c20 {
  padding-right: 12px;
  padding-left: 12px;
}

.c25 {
  padding-right: 8px;
  padding-left: 8px;
}

.c27 {
  background: #f6f6f9;
  padding-top: 16px;
  padding-right: 24px;
  padding-bottom: 16px;
  padding-left: 24px;
  border-radius: 4px;
}

.c36 {
  padding-right: 12px;
}

.c41 {
  background: #4945ff;
  padding: 8px;
  padding-right: 16px;
  padding-left: 16px;
  border-radius: 4px;
  border-color: #4945ff;
  border: 1px solid #4945ff;
  cursor: pointer;
}

.c47 {
  background: #212134;
  padding: 8px;
  border-radius: 4px;
  position: absolute;
}

.c2 {
  -webkit-align-items: center;
  -webkit-box-align: center;
  -ms-flex-align: center;
  align-items: center;
  display: -webkit-box;
  display: -webkit-flex;
  display: -ms-flexbox;
  display: flex;
  -webkit-flex-direction: row;
  -ms-flex-direction: row;
  flex-direction: row;
  -webkit-box-pack: center;
  -webkit-justify-content: center;
  -ms-flex-pack: center;
  justify-content: center;
}

.c8 {
  -webkit-align-items: center;
  -webkit-box-align: center;
  -ms-flex-align: center;
  align-items: center;
  display: -webkit-box;
  display: -webkit-flex;
  display: -ms-flexbox;
  display: flex;
  -webkit-flex-direction: row;
  -ms-flex-direction: row;
  flex-direction: row;
  -webkit-box-pack: justify;
  -webkit-justify-content: space-between;
  -ms-flex-pack: justify;
  justify-content: space-between;
}

.c21 {
  -webkit-align-items: center;
  -webkit-box-align: center;
  -ms-flex-align: center;
  align-items: center;
  display: -webkit-box;
  display: -webkit-flex;
  display: -ms-flexbox;
  display: flex;
  -webkit-flex-direction: row;
  -ms-flex-direction: row;
  flex-direction: row;
  -webkit-box-pack: end;
  -webkit-justify-content: flex-end;
  -ms-flex-pack: end;
  justify-content: flex-end;
}

.c23 {
  -webkit-align-items: center;
  -webkit-box-align: center;
  -ms-flex-align: center;
  align-items: center;
  display: -webkit-box;
  display: -webkit-flex;
  display: -ms-flexbox;
  display: flex;
  -webkit-flex-direction: row;
  -ms-flex-direction: row;
  flex-direction: row;
  gap: 4px;
}

.c26 {
  -webkit-align-items: stretch;
  -webkit-box-align: stretch;
  -ms-flex-align: stretch;
  align-items: stretch;
  display: -webkit-box;
  display: -webkit-flex;
  display: -ms-flexbox;
  display: flex;
  -webkit-flex-direction: column;
  -ms-flex-direction: column;
  flex-direction: column;
  gap: 12px;
}

.c28 {
  -webkit-align-items: stretch;
  -webkit-box-align: stretch;
  -ms-flex-align: stretch;
  align-items: stretch;
  display: -webkit-box;
  display: -webkit-flex;
  display: -ms-flexbox;
  display: flex;
  -webkit-flex-direction: column;
  -ms-flex-direction: column;
  flex-direction: column;
  gap: 4px;
}

.c32 {
  -webkit-align-items: center;
  -webkit-box-align: center;
  -ms-flex-align: center;
  align-items: center;
  display: -webkit-box;
  display: -webkit-flex;
  display: -ms-flexbox;
  display: flex;
  -webkit-flex-direction: row;
  -ms-flex-direction: row;
  flex-direction: row;
}

.c42 {
  -webkit-align-items: center;
  -webkit-box-align: center;
  -ms-flex-align: center;
  align-items: center;
  display: -webkit-box;
  display: -webkit-flex;
  display: -ms-flexbox;
  display: flex;
  -webkit-flex-direction: row;
  -ms-flex-direction: row;
  flex-direction: row;
  gap: 8px;
}

.c10 {
  font-size: 0.875rem;
  line-height: 1.43;
  font-weight: 600;
  color: #32324d;
}

.c29 {
  font-weight: 600;
  font-size: 0.6875rem;
  line-height: 1.45;
  text-transform: uppercase;
  color: #666687;
}

.c30 {
  font-size: 0.75rem;
  line-height: 1.33;
  color: #4a4a6a;
}

.c31 {
  font-size: 0.75rem;
  line-height: 1.33;
  font-weight: 600;
  color: #32324d;
}

.c35 {
  font-size: 0.75rem;
  line-height: 1.33;
  color: #666687;
}

.c44 {
  font-size: 0.75rem;
  line-height: 1.33;
  font-weight: 600;
  color: #ffffff;
}

.c12 {
  position: relative;
  outline: none;
}

.c12 svg {
  height: 12px;
  width: 12px;
}

.c12 svg > g,
.c12 svg path {
  fill: #ffffff;
}

.c12[aria-disabled='true'] {
  pointer-events: none;
}

.c12:after {
  -webkit-transition-property: all;
  transition-property: all;
  -webkit-transition-duration: 0.2s;
  transition-duration: 0.2s;
  border-radius: 8px;
  content: '';
  position: absolute;
  top: -4px;
  bottom: -4px;
  left: -4px;
  right: -4px;
  border: 2px solid transparent;
}

.c12:focus-visible {
  outline: none;
}

.c12:focus-visible:after {
  border-radius: 8px;
  content: '';
  position: absolute;
  top: -5px;
  bottom: -5px;
  left: -5px;
  right: -5px;
  border: 2px solid #4945ff;
}

.c0 {
  border: 0;
  -webkit-clip: rect(0 0 0 0);
  clip: rect(0 0 0 0);
  height: 1px;
  margin: -1px;
  overflow: hidden;
  padding: 0;
  position: absolute;
  width: 1px;
}

.c43 {
  height: 2rem;
  border: 1px solid #dcdce4;
  background: #ffffff;
}

.c43[aria-disabled='true'] {
  border: 1px solid #dcdce4;
  background: #eaeaef;
}

.c43[aria-disabled='true'] .c9 {
  color: #666687;
}

.c43[aria-disabled='true'] svg > g,.c43[aria-disabled='true'] svg path {
  fill: #666687;
}

.c43[aria-disabled='true']:active {
  border: 1px solid #dcdce4;
  background: #eaeaef;
}

.c43[aria-disabled='true']:active .c9 {
  color: #666687;
}

.c43[aria-disabled='true']:active svg > g,.c43[aria-disabled='true']:active svg path {
  fill: #666687;
}

.c43:hover {
  background-color: #f6f6f9;
}

.c43:active {
  background-color: #eaeaef;
}

.c43 .c9 {
  color: #32324d;
}

.c43 svg > g,
.c43 svg path {
  fill: #32324d;
}

.c45 {
  height: 2rem;
  border: 1px solid #d9d8ff;
  background: #f0f0ff;
}

.c45[aria-disabled='true'] {
  border: 1px solid #dcdce4;
  background: #eaeaef;
}

.c45[aria-disabled='true'] .c9 {
  color: #666687;
}

.c45[aria-disabled='true'] svg > g,.c45[aria-disabled='true'] svg path {
  fill: #666687;
}

.c45[aria-disabled='true']:active {
  border: 1px solid #dcdce4;
  background: #eaeaef;
}

.c45[aria-disabled='true']:active .c9 {
  color: #666687;
}

.c45[aria-disabled='true']:active svg > g,.c45[aria-disabled='true']:active svg path {
  fill: #666687;
}

.c45:hover {
  background-color: #ffffff;
}

.c45:active {
  background-color: #ffffff;
  border: 1px solid #4945ff;
}

.c45:active .c9 {
  color: #4945ff;
}

.c45:active svg > g,
.c45:active svg path {
  fill: #4945ff;
}

.c45 .c9 {
  color: #271fe0;
}

.c45 svg > g,
.c45 svg path {
  fill: #271fe0;
}

.c46 {
  height: 2rem;
}

.c46[aria-disabled='true'] {
  border: 1px solid #dcdce4;
  background: #eaeaef;
}

.c46[aria-disabled='true'] .c9 {
  color: #666687;
}

.c46[aria-disabled='true'] svg > g,.c46[aria-disabled='true'] svg path {
  fill: #666687;
}

.c46[aria-disabled='true']:active {
  border: 1px solid #dcdce4;
  background: #eaeaef;
}

.c46[aria-disabled='true']:active .c9 {
  color: #666687;
}

.c46[aria-disabled='true']:active svg > g,.c46[aria-disabled='true']:active svg path {
  fill: #666687;
}

.c46:hover {
  border: 1px solid #7b79ff;
  background: #7b79ff;
}

.c46:active {
  border: 1px solid #4945ff;
  background: #4945ff;
}

.c46 svg > g,
.c46 svg path {
  fill: #ffffff;
}

.c48 {
  z-index: 4;
  display: none;
}

.c34 {
  border: none;
  border-radius: 4px;
  padding-bottom: 0.65625rem;
  padding-left: 16px;
  padding-right: 16px;
  padding-top: 0.65625rem;
  color: #32324d;
  font-weight: 400;
  font-size: 0.875rem;
  display: block;
  width: 100%;
  background: inherit;
}

.c34::-webkit-input-placeholder {
  color: #8e8ea9;
  opacity: 1;
}

.c34::-moz-placeholder {
  color: #8e8ea9;
  opacity: 1;
}

.c34:-ms-input-placeholder {
  color: #8e8ea9;
  opacity: 1;
}

.c34::placeholder {
  color: #8e8ea9;
  opacity: 1;
}

.c34[aria-disabled='true'] {
  color: inherit;
}

.c34:focus {
  outline: none;
  box-shadow: none;
}

.c33 {
  border: 1px solid #dcdce4;
  border-radius: 4px;
  background: #ffffff;
  outline: none;
  box-shadow: 0;
  -webkit-transition-property: border-color,box-shadow,fill;
  transition-property: border-color,box-shadow,fill;
  -webkit-transition-duration: 0.2s;
  transition-duration: 0.2s;
}

.c33:focus-within {
  border: 1px solid #4945ff;
  box-shadow: #4945ff 0px 0px 0px 2px;
}

.c16 {
  display: grid;
  grid-template-columns: repeat(12,1fr);
  gap: 16px;
}

.c17 {
  grid-column: span 6;
  max-width: 100%;
}

.c13 svg > g,
.c13 svg path {
  fill: #8e8ea9;
}

.c13:hover svg > g,
.c13:hover svg path {
  fill: #666687;
}

.c13:active svg > g,
.c13:active svg path {
  fill: #a5a5ba;
}

.c13[aria-disabled='true'] svg path {
  fill: #666687;
}

.c3 {
  inset: 0;
  background: #32324d1F;
}

.c5 {
  width: 51.875rem;
}

.c7 {
  border-radius: 4px 4px 0 0;
  border-bottom: 1px solid #eaeaef;
}

.c39 {
  border-radius: 0 0 4px 4px;
  border-top: 1px solid #eaeaef;
}

.c40 > * + * {
  margin-left: 8px;
}

.c15 {
  overflow: auto;
  max-height: 60vh;
}

.c37 {
  background: transparent;
  border: none;
  position: relative;
  z-index: 1;
}

.c37 svg {
  height: 0.6875rem;
  width: 0.6875rem;
}

.c37 svg path {
  fill: #666687;
}

.c38 {
  display: -webkit-box;
  display: -webkit-flex;
  display: -ms-flexbox;
  display: flex;
  background: none;
  border: none;
}

.c38 svg {
  width: 0.5625rem;
}

.c19 {
  position: relative;
}

.c24 {
  position: relative;
  text-align: center;
  background: repeating-conic-gradient( #f6f6f9 0% 25%, transparent 0% 50% ) 50% / 20px 20px;
}

.c24 svg {
  font-size: 3rem;
  height: 16.5rem;
}

.c24 img,
.c24 video {
  margin: 0;
  padding: 0;
  max-height: 16.5rem;
  max-width: 100%;
}

.c22 {
  height: 3.25rem;
}

@media (max-width:68.75rem) {
  .c17 {
    grid-column: span;
  }
}

@media (max-width:34.375rem) {
  .c17 {
    grid-column: span 12;
  }
}

<body
  class="lock-body-scroll"
>
  <div>
    <div
      class="c0"
    >
      <p
        aria-live="polite"
        aria-relevant="all"
        id="live-region-log"
        role="log"
      />
      <p
        aria-live="polite"
        aria-relevant="all"
        id="live-region-status"
        role="status"
      />
      <p
        aria-live="assertive"
        aria-relevant="all"
        id="live-region-alert"
        role="alert"
      />
    </div>
  </div>
  <div
    data-react-portal="true"
  >
    <div
      class="c1 c2 c3"
    >
      <div>
        <div>
          <div
            aria-labelledby="title"
            aria-modal="true"
            class="c4 c5"
            role="dialog"
          >
            <div
              class="c6 c7"
            >
              <div
                class="c8"
              >
                <h2
                  class="c9 c10"
                  id="title"
                >
                  Details
                </h2>
                <button
                  aria-disabled="false"
                  class="c11 c2 c12 c13"
                  type="button"
                >
                  <span
                    class="c0"
                  >
                    Close the modal
                  </span>
                  <svg
                    aria-hidden="true"
                    fill="none"
                    focusable="false"
                    height="1rem"
                    viewBox="0 0 24 24"
                    width="1rem"
                    xmlns="http://www.w3.org/2000/svg"
                  >
                    <path
                      d="M24 2.417 21.583 0 12 9.583 2.417 0 0 2.417 9.583 12 0 21.583 2.417 24 12 14.417 21.583 24 24 21.583 14.417 12 24 2.417Z"
                      fill="#212134"
                    />
                  </svg>
                </button>
              </div>
            </div>
            <div
              class="c14 c15"
            >
              <div
                class="c16"
              >
                <div
                  class="c17"
                >
                  <div
                    class=""
                  >
                    <div
                      class="c18 c19"
                    >
                      <div
                        class="c20 c21 c22"
                      >
                        <div
                          class="c23"
                        >
                          <span>
                            <button
                              aria-disabled="false"
                              aria-labelledby="0"
                              class="c11 c2 c12 c13"
                              tabindex="0"
                              type="button"
                            >
                              <span
                                class="c0"
                              >
                                Delete
                              </span>
                              <svg
                                aria-hidden="true"
                                fill="none"
                                focusable="false"
                                height="1rem"
                                viewBox="0 0 24 24"
                                width="1rem"
                                xmlns="http://www.w3.org/2000/svg"
                              >
                                <path
                                  d="M3.236 6.149a.2.2 0 0 0-.197.233L6 24h12l2.96-17.618a.2.2 0 0 0-.196-.233H3.236ZM21.8 1.983c.11 0 .2.09.2.2v1.584a.2.2 0 0 1-.2.2H2.2a.2.2 0 0 1-.2-.2V2.183c0-.11.09-.2.2-.2h5.511c.9 0 1.631-1.09 1.631-1.983h5.316c0 .894.73 1.983 1.631 1.983H21.8Z"
                                  fill="#32324D"
                                />
                              </svg>
                            </button>
                          </span>
                          <span>
                            <button
                              aria-disabled="false"
                              aria-labelledby="1"
                              class="c11 c2 c12 c13"
                              tabindex="0"
                              type="button"
                            >
                              <span
                                class="c0"
                              >
                                Download
                              </span>
                              <svg
                                aria-hidden="true"
                                fill="none"
                                focusable="false"
                                height="1rem"
                                viewBox="0 0 24 25"
                                width="1rem"
                                xmlns="http://www.w3.org/2000/svg"
                              >
                                <path
                                  clip-rule="evenodd"
                                  d="M13.571 5.85H10.43v8.47H2.487a.2.2 0 0 0-.14.343l9.512 9.401a.2.2 0 0 0 .282 0l9.513-9.401a.2.2 0 0 0-.14-.342H13.57V5.85ZM2.2 3.027a.2.2 0 0 1-.2-.2V.402c0-.11.09-.2.2-.2h19.6c.11 0 .2.09.2.2v2.423a.2.2 0 0 1-.2.2H2.2Z"
                                  fill="#212134"
                                  fill-rule="evenodd"
                                />
                              </svg>
                            </button>
                          </span>
                          <span>
                            <button
                              aria-disabled="false"
                              aria-labelledby="2"
                              class="c11 c2 c12 c13"
                              tabindex="0"
                              type="button"
                            >
                              <span
                                class="c0"
                              >
                                Copy link
                              </span>
                              <svg
                                aria-hidden="true"
                                fill="none"
                                focusable="false"
                                height="1rem"
                                viewBox="0 0 24 24"
                                width="1rem"
                                xmlns="http://www.w3.org/2000/svg"
                              >
                                <path
                                  d="M21.415 1.344a6.137 6.137 0 0 0-8.525.838L11.095 4.33a1.53 1.53 0 1 0 2.35 1.963l1.794-2.148a3.054 3.054 0 0 1 4.365-.324 3.117 3.117 0 0 1 .255 4.301l-3.73 4.467-.035.038a3.048 3.048 0 0 1-4.53.078 1.531 1.531 0 0 0-2.241 2.086 6.114 6.114 0 0 0 9.159-.245l3.721-4.454a6.289 6.289 0 0 0 1.418-4.62 6.01 6.01 0 0 0-2.206-4.128Z"
                                  fill="#212134"
                                />
                                <path
                                  d="m10.399 17.884-1.604 1.92a3.118 3.118 0 0 1-4.278.513 3.052 3.052 0 0 1-.457-4.353l3.795-4.542.028-.031a3.042 3.042 0 0 1 4.584-.022 1.529 1.529 0 0 0 1.794.37c.197-.094.37-.228.51-.395l.018-.022a1.51 1.51 0 0 0-.025-1.977 6.11 6.11 0 0 0-9.27.126l-3.784 4.53a6.137 6.137 0 0 0 .692 8.539 6.01 6.01 0 0 0 4.454 1.437 6.289 6.289 0 0 0 4.294-2.217l1.598-1.913a1.53 1.53 0 0 0-2.35-1.963Z"
                                  fill="#212134"
                                />
                              </svg>
                            </button>
                          </span>
                          <span>
                            <button
                              aria-disabled="false"
                              aria-labelledby="3"
                              class="c11 c2 c12 c13"
                              tabindex="0"
                              type="button"
                            >
                              <span
                                class="c0"
                              >
                                Crop
                              </span>
                              <svg
                                aria-hidden="true"
                                fill="none"
                                focusable="false"
                                height="1rem"
                                viewBox="0 0 24 24"
                                width="1rem"
                                xmlns="http://www.w3.org/2000/svg"
                              >
                                <path
                                  d="M20.571 21.429h-3.428V24h3.428v-2.571ZM20.571 17.143V3.429H7.714v3.428h9.429v10.286H6.857V0H3.43v3.429H0v3.428h3.429v13.714H24v-3.428h-3.429Z"
                                  fill="#212134"
                                />
                              </svg>
                            </button>
                          </span>
                        </div>
                      </div>
                      <div
                        class="c24"
                      >
                        <img
                          alt="Screenshot 2.png"
                          src="http://localhost:1337/uploads/thumbnail_Screenshot_2_5d4a574d61.png?updated_at=2021-10-04T09:42:31.670Z"
                        />
                      </div>
                      <div
                        class="c25 c21 c22"
                      />
                    </div>
                  </div>
                </div>
                <div
                  class="c17"
                >
                  <div
                    class=""
                  >
                    <form
                      action="#"
                      novalidate=""
                    >
                      <div
                        class="c26"
                      >
                        <div
                          class="c27"
                        >
                          <div
                            class="c16"
                          >
                            <div
                              class="c17"
                            >
                              <div
                                class=""
                              >
                                <div
                                  class="c28"
                                >
                                  <span
                                    class="c9 c29"
                                  >
                                    Size
                                  </span>
                                  <span
                                    class="c9 c30"
                                  >
                                    102KB
                                  </span>
                                </div>
                              </div>
                            </div>
                            <div
                              class="c17"
                            >
                              <div
                                class=""
                              >
                                <div
                                  class="c28"
                                >
                                  <span
                                    class="c9 c29"
                                  >
                                    Dimensions
                                  </span>
                                  <span
                                    class="c9 c30"
                                  >
                                    1476✕780
                                  </span>
                                </div>
                              </div>
                            </div>
                            <div
                              class="c17"
                            >
                              <div
                                class=""
                              >
                                <div
                                  class="c28"
                                >
                                  <span
                                    class="c9 c29"
                                  >
                                    Date
                                  </span>
                                  <span
                                    class="c9 c30"
                                  >
                                    10/4/2021
                                  </span>
                                </div>
                              </div>
                            </div>
                            <div
                              class="c17"
                            >
                              <div
                                class=""
                              >
                                <div
                                  class="c28"
                                >
                                  <span
                                    class="c9 c29"
                                  >
                                    Extension
                                  </span>
                                  <span
                                    class="c9 c30"
                                  >
                                    png
                                  </span>
                                </div>
                              </div>
                            </div>
                            <div
                              class="c17"
                            >
                              <div
                                class=""
                              >
                                <div
                                  class="c28"
                                >
                                  <span
                                    class="c9 c29"
                                  >
                                    Asset ID
                                  </span>
                                  <span
                                    class="c9 c30"
                                  >
                                    8
                                  </span>
                                </div>
                              </div>
                            </div>
                          </div>
                        </div>
                        <div>
                          <div
                            class=""
                          >
                            <div
                              class="c28"
                            >
                              <label
                                class="c9 c31"
                                for="5"
                              >
                                <div
                                  class="c32"
                                >
                                  File name
                                </div>
                              </label>
                              <div
                                class="c8 c33"
                              >
                                <input
                                  aria-disabled="false"
                                  aria-invalid="false"
                                  aria-required="false"
                                  class="c34"
                                  id="5"
                                  name="name"
                                  value="Screenshot 2.png"
                                />
                              </div>
                            </div>
                          </div>
                        </div>
                        <div>
                          <div
                            class=""
                          >
                            <div
                              class="c28"
                            >
                              <label
                                class="c9 c31"
                                for="7"
                              >
                                <div
                                  class="c32"
                                >
                                  Alternative text
                                </div>
                              </label>
                              <div
                                class="c8 c33"
                              >
                                <input
                                  aria-describedby="7-hint"
                                  aria-disabled="false"
                                  aria-invalid="false"
                                  aria-required="false"
                                  class="c34"
                                  id="7"
                                  name="alternativeText"
                                  value=""
                                />
                              </div>
                              <p
                                class="c9 c35"
                                id="7-hint"
                              >
                                This text will be displayed if the asset can’t be shown.
                              </p>
                            </div>
                          </div>
                        </div>
                        <div>
                          <div
                            class=""
                          >
                            <div
                              class="c28"
                            >
                              <label
                                class="c9 c31"
                                for="9"
                              >
                                <div
                                  class="c32"
                                >
                                  Caption
                                </div>
                              </label>
                              <div
                                class="c8 c33"
                              >
                                <input
                                  aria-disabled="false"
                                  aria-invalid="false"
                                  aria-required="false"
                                  class="c34"
                                  id="9"
                                  name="caption"
                                  value=""
                                />
                              </div>
                            </div>
                          </div>
                        </div>
                        <div
                          class="c28"
                        >
                          <label
                            class="c9 c31"
                            for="asset-folder"
                          >
                            <div
                              class="c32"
                            >
                              Location
                            </div>
                          </label>
                          <div
                            class=" css-1iyvlxg-container"
                          >
                            <span
                              class="css-1f43avz-a11yText-A11yText"
                              id="react-select-2-live-region"
                            />
                            <span
                              aria-atomic="false"
                              aria-live="polite"
                              aria-relevant="additions text"
                              class="css-1f43avz-a11yText-A11yText"
                            />
                            <div
                              class=" css-1ckpxei-control"
                            >
                              <div
                                class=" css-1drmnx5-ValueContainer"
                              >
                                <div
                                  class=" css-1ryi7up-singleValue"
                                >
                                  Media Library
                                </div>
                                <input
                                  aria-autocomplete="list"
                                  aria-expanded="false"
                                  aria-haspopup="true"
                                  aria-invalid="false"
                                  aria-readonly="true"
                                  class="css-mohuvp-dummyInput-DummyInput"
                                  id="asset-folder"
                                  inputmode="none"
                                  role="combobox"
                                  tabindex="0"
                                  value=""
                                />
                              </div>
                              <div
                                class=" css-1hb7zxy-IndicatorsContainer"
                              >
                                <div
                                  aria-hidden="true"
                                  class="c36 c37 c38"
                                >
                                  <svg
                                    fill="none"
                                    height="1rem"
                                    viewBox="0 0 14 8"
                                    width="1rem"
                                    xmlns="http://www.w3.org/2000/svg"
                                  >
                                    <path
                                      clip-rule="evenodd"
                                      d="M14 .889a.86.86 0 0 1-.26.625L7.615 7.736A.834.834 0 0 1 7 8a.834.834 0 0 1-.615-.264L.26 1.514A.861.861 0 0 1 0 .889c0-.24.087-.45.26-.625A.834.834 0 0 1 .875 0h12.25c.237 0 .442.088.615.264a.86.86 0 0 1 .26.625Z"
                                      fill="#32324D"
                                      fill-rule="evenodd"
                                    />
                                  </svg>
                                </div>
                              </div>
                            </div>
                            <input
                              name="parent"
                              type="hidden"
                              value=""
                            />
                          </div>
                        </div>
                      </div>
                      <div
                        class="c0"
                      >
                        <button
                          tabindex="-1"
                          type="submit"
                        >
                          Submit
                        </button>
                      </div>
                    </form>
                  </div>
                </div>
              </div>
            </div>
            <div
              class="c6 c39"
            >
              <div
                class="c8"
              >
                <div
                  class="c32 c40"
                >
                  <button
                    aria-disabled="false"
                    class="c41 c42 c12 c43"
                    type="button"
                  >
                    <span
                      class="c9 c44"
                    >
                      Cancel
                    </span>
                  </button>
                </div>
                <div
                  class="c32 c40"
                >
                  <button
                    aria-disabled="false"
                    class="c41 c42 c12 c45"
                    type="button"
                  >
                    <span
                      class="c9 c44"
                    >
                      Replace media
                    </span>
                  </button>
                  <div
                    class="c0"
                  >
                    <input
                      accept="image/png"
                      aria-hidden="true"
                      name="file"
                      tabindex="-1"
                      type="file"
                    />
                  </div>
                  <button
                    aria-disabled="false"
                    class="c41 c42 c12 c46"
                    type="button"
                  >
                    <span
                      class="c9 c44"
                    >
                      Finish
                    </span>
                  </button>
                </div>
              </div>
            </div>
          </div>
        </div>
      </div>
    </div>
  </div>
  <div
    data-react-portal="true"
  >
    <div
      class="c47 c48"
      id="0"
      role="tooltip"
    >
      <p
        class="c9 c44"
      >
        Delete
      </p>
    </div>
  </div>
  <div
    data-react-portal="true"
  >
    <div
      class="c47 c48"
      id="1"
      role="tooltip"
    >
      <p
        class="c9 c44"
      >
        Download
      </p>
    </div>
  </div>
  <div
    data-react-portal="true"
  >
    <div
      class="c47 c48"
      id="2"
      role="tooltip"
    >
      <p
        class="c9 c44"
      >
        Copy link
      </p>
    </div>
  </div>
  <div
    data-react-portal="true"
  >
    <div
      class="c47 c48"
      id="3"
      role="tooltip"
    >
      <p
        class="c9 c44"
      >
        Crop
      </p>
    </div>
  </div>
</body>
`;
