// Jest Snapshot v1, https://goo.gl/fbAQLP

exports[`ADMIN | Pages | Profile page renders and matches the snapshot 1`] = `
.c1 {
  background: #f6f6f9;
  padding-top: 40px;
  padding-right: 56px;
  padding-bottom: 40px;
  padding-left: 56px;
}

.c3 {
  min-width: 0;
}

.c13 {
  padding-right: 56px;
  padding-left: 56px;
}

.c7 {
  background: #4945ff;
  padding: 8px;
  padding-right: 16px;
  padding-left: 16px;
  border-radius: 4px;
  border-color: #4945ff;
  border: 1px solid #4945ff;
  cursor: pointer;
}

.c12 {
  padding-bottom: 56px;
}

.c15 {
  background: #ffffff;
  padding-top: 24px;
  padding-right: 32px;
  padding-bottom: 24px;
  padding-left: 32px;
  border-radius: 4px;
  box-shadow: 0px 1px 4px rgba(33,33,52,0.1);
}

.c28 {
  padding-right: 12px;
  padding-left: 8px;
}

.c29 {
  background: transparent;
  border-style: none;
}

.c39 {
  padding-right: 16px;
  padding-left: 16px;
}

.c42 {
  padding-left: 12px;
}

.c2 {
  -webkit-align-items: center;
  -webkit-box-align: center;
  -ms-flex-align: center;
  align-items: center;
  display: -webkit-box;
  display: -webkit-flex;
  display: -ms-flexbox;
  display: flex;
  -webkit-flex-direction: row;
  -ms-flex-direction: row;
  flex-direction: row;
  -webkit-box-pack: justify;
  -webkit-justify-content: space-between;
  -ms-flex-pack: justify;
  justify-content: space-between;
}

.c4 {
  -webkit-align-items: center;
  -webkit-box-align: center;
  -ms-flex-align: center;
  align-items: center;
  display: -webkit-box;
  display: -webkit-flex;
  display: -ms-flexbox;
  display: flex;
  -webkit-flex-direction: row;
  -ms-flex-direction: row;
  flex-direction: row;
}

.c8 {
  -webkit-align-items: center;
  -webkit-box-align: center;
  -ms-flex-align: center;
  align-items: center;
  display: -webkit-box;
  display: -webkit-flex;
  display: -ms-flexbox;
  display: flex;
  -webkit-flex-direction: row;
  -ms-flex-direction: row;
  flex-direction: row;
  gap: 8px;
}

.c14 {
  -webkit-align-items: stretch;
  -webkit-box-align: stretch;
  -ms-flex-align: stretch;
  align-items: stretch;
  display: -webkit-box;
  display: -webkit-flex;
  display: -ms-flexbox;
  display: flex;
  -webkit-flex-direction: column;
  -ms-flex-direction: column;
  flex-direction: column;
  gap: 24px;
}

.c16 {
  -webkit-align-items: stretch;
  -webkit-box-align: stretch;
  -ms-flex-align: stretch;
  align-items: stretch;
  display: -webkit-box;
  display: -webkit-flex;
  display: -ms-flexbox;
  display: flex;
  -webkit-flex-direction: column;
  -ms-flex-direction: column;
  flex-direction: column;
  gap: 16px;
}

.c20 {
  -webkit-align-items: stretch;
  -webkit-box-align: stretch;
  -ms-flex-align: stretch;
  align-items: stretch;
  display: -webkit-box;
  display: -webkit-flex;
  display: -ms-flexbox;
  display: flex;
  -webkit-flex-direction: column;
  -ms-flex-direction: column;
  flex-direction: column;
  gap: 4px;
}

.c30 {
  -webkit-align-items: center;
  -webkit-box-align: center;
  -ms-flex-align: center;
  align-items: center;
  display: -webkit-box;
  display: -webkit-flex;
  display: -ms-flexbox;
  display: flex;
  -webkit-flex-direction: row;
  -ms-flex-direction: row;
  flex-direction: row;
  -webkit-box-pack: unset;
  -webkit-justify-content: unset;
  -ms-flex-pack: unset;
  justify-content: unset;
}

.c6 {
  font-weight: 600;
  font-size: 2rem;
  line-height: 1.25;
  color: #32324d;
}

.c11 {
  font-size: 0.75rem;
  line-height: 1.33;
  font-weight: 600;
  color: #ffffff;
}

.c17 {
  font-weight: 500;
  font-size: 1rem;
  line-height: 1.25;
  color: #32324d;
}

.c21 {
  font-size: 0.75rem;
  line-height: 1.33;
  font-weight: 600;
  color: #32324d;
}

.c22 {
  font-size: 0.875rem;
  line-height: 1.43;
  color: #d02b20;
}

.c34 {
  font-size: 0.875rem;
  line-height: 1.43;
  color: #32324d;
}

.c40 {
  font-size: 0.875rem;
  line-height: 1.43;
  display: block;
  white-space: nowrap;
  overflow: hidden;
  text-overflow: ellipsis;
  color: #32324d;
}

.c44 {
  font-size: 0.75rem;
  line-height: 1.33;
  color: #666687;
}

.c9 {
  position: relative;
  outline: none;
}

.c9 svg {
  height: 12px;
  width: 12px;
}

.c9 svg > g,
.c9 svg path {
  fill: #ffffff;
}

.c9[aria-disabled='true'] {
  pointer-events: none;
}

.c9:after {
  -webkit-transition-property: all;
  transition-property: all;
  -webkit-transition-duration: 0.2s;
  transition-duration: 0.2s;
  border-radius: 8px;
  content: '';
  position: absolute;
  top: -4px;
  bottom: -4px;
  left: -4px;
  right: -4px;
  border: 2px solid transparent;
}

.c9:focus-visible {
  outline: none;
}

.c9:focus-visible:after {
  border-radius: 8px;
  content: '';
  position: absolute;
  top: -5px;
  bottom: -5px;
  left: -5px;
  right: -5px;
  border: 2px solid #4945ff;
}

.c33 {
  border: 0;
  -webkit-clip: rect(0 0 0 0);
  clip: rect(0 0 0 0);
  height: 1px;
  margin: -1px;
  overflow: hidden;
  padding: 0;
  position: absolute;
  width: 1px;
}

.c10 {
  height: 2rem;
}

.c10[aria-disabled='true'] {
  border: 1px solid #dcdce4;
  background: #eaeaef;
}

.c10[aria-disabled='true'] .c5 {
  color: #666687;
}

.c10[aria-disabled='true'] svg > g,.c10[aria-disabled='true'] svg path {
  fill: #666687;
}

.c10[aria-disabled='true']:active {
  border: 1px solid #dcdce4;
  background: #eaeaef;
}

.c10[aria-disabled='true']:active .c5 {
  color: #666687;
}

.c10[aria-disabled='true']:active svg > g,.c10[aria-disabled='true']:active svg path {
  fill: #666687;
}

.c10:hover {
  border: 1px solid #7b79ff;
  background: #7b79ff;
}

.c10:active {
  border: 1px solid #4945ff;
  background: #4945ff;
}

.c10 svg > g,
.c10 svg path {
  fill: #ffffff;
}

.c23 {
  line-height: 0;
}

.c25 {
  border: none;
  border-radius: 4px;
  padding-bottom: 0.65625rem;
  padding-left: 16px;
  padding-right: 16px;
  padding-top: 0.65625rem;
  color: #32324d;
  font-weight: 400;
  font-size: 0.875rem;
  display: block;
  width: 100%;
  background: inherit;
}

.c25::-webkit-input-placeholder {
  color: #8e8ea9;
  opacity: 1;
}

.c25::-moz-placeholder {
  color: #8e8ea9;
  opacity: 1;
}

.c25:-ms-input-placeholder {
  color: #8e8ea9;
  opacity: 1;
}

.c25::placeholder {
  color: #8e8ea9;
  opacity: 1;
}

.c25[aria-disabled='true'] {
  color: inherit;
}

.c25:focus {
  outline: none;
  box-shadow: none;
}

.c26 {
  border: none;
  border-radius: 4px;
  padding-bottom: 0.65625rem;
  padding-left: 16px;
  padding-right: 0;
  padding-top: 0.65625rem;
  color: #32324d;
  font-weight: 400;
  font-size: 0.875rem;
  display: block;
  width: 100%;
  background: inherit;
}

.c26::-webkit-input-placeholder {
  color: #8e8ea9;
  opacity: 1;
}

.c26::-moz-placeholder {
  color: #8e8ea9;
  opacity: 1;
}

.c26:-ms-input-placeholder {
  color: #8e8ea9;
  opacity: 1;
}

.c26::placeholder {
  color: #8e8ea9;
  opacity: 1;
}

.c26[aria-disabled='true'] {
  color: inherit;
}

.c26:focus {
  outline: none;
  box-shadow: none;
}

.c24 {
  border: 1px solid #dcdce4;
  border-radius: 4px;
  background: #ffffff;
  outline: none;
  box-shadow: 0;
  -webkit-transition-property: border-color,box-shadow,fill;
  transition-property: border-color,box-shadow,fill;
  -webkit-transition-duration: 0.2s;
  transition-duration: 0.2s;
}

.c24:focus-within {
  border: 1px solid #4945ff;
  box-shadow: #4945ff 0px 0px 0px 2px;
}

.c31 {
  font-size: 1.6rem;
  padding: 0;
}

.c36 {
  position: relative;
  border: 1px solid #dcdce4;
  padding-right: 12px;
  border-radius: 4px;
  background: #ffffff;
  overflow: hidden;
  min-height: 2.5rem;
  outline: none;
  box-shadow: 0;
  -webkit-transition-property: border-color,box-shadow,fill;
  transition-property: border-color,box-shadow,fill;
  -webkit-transition-duration: 0.2s;
  transition-duration: 0.2s;
}

.c36:focus-within {
  border: 1px solid #4945ff;
  box-shadow: #4945ff 0px 0px 0px 2px;
}

.c41 {
  background: transparent;
  border: none;
  position: relative;
  z-index: 1;
}

.c41 svg {
  height: 0.6875rem;
  width: 0.6875rem;
}

.c41 svg path {
  fill: #666687;
}

.c43 {
  display: -webkit-box;
  display: -webkit-flex;
  display: -ms-flexbox;
  display: flex;
  background: none;
  border: none;
}

.c43 svg {
  width: 0.375rem;
}

.c37 {
  position: absolute;
  left: 0;
  right: 0;
  bottom: 0;
  top: 0;
  width: 100%;
  background: transparent;
  border: none;
}

.c37:focus {
  outline: none;
}

.c37[aria-disabled='true'] {
  cursor: not-allowed;
}

.c38 {
  width: 100%;
}

.c18 {
  display: grid;
  grid-template-columns: repeat(12,1fr);
  gap: 20px;
}

.c19 {
  grid-column: span 6;
  max-width: 100%;
}

.c0:focus-visible {
  outline: none;
}

.c35 {
  color: #4945ff;
}

.c27::-ms-reveal {
  display: none;
}

.c32 svg {
  height: 1rem;
  width: 1rem;
}

.c32 svg path {
  fill: #666687;
}

@media (max-width:68.75rem) {
  .c19 {
    grid-column: span 12;
  }
}

@media (max-width:34.375rem) {
  .c19 {
    grid-column: span;
  }
}

<main
  aria-busy="false"
  aria-labelledby="main-content-title"
  class="c0"
  id="main-content"
  tabindex="-1"
>
  <form
    action="#"
    novalidate=""
  >
    <div
      style="height: 0px;"
    >
      <div
        class="c1"
        data-strapi-header="true"
      >
        <div
          class="c2"
        >
          <div
            class="c3 c4"
          >
            <h1
              class="c5 c6"
            >
              yolo
            </h1>
          </div>
          <button
            aria-disabled="false"
            class="c7 c8 c9 c10"
            type="submit"
          >
            <div
              aria-hidden="true"
              class=""
            >
              <svg
                fill="none"
                height="1rem"
                viewBox="0 0 24 24"
                width="1rem"
                xmlns="http://www.w3.org/2000/svg"
              >
                <path
                  d="M20.727 2.97a.2.2 0 0 1 .286 0l2.85 2.89a.2.2 0 0 1 0 .28L9.554 20.854a.2.2 0 0 1-.285 0l-9.13-9.243a.2.2 0 0 1 0-.281l2.85-2.892a.2.2 0 0 1 .284 0l6.14 6.209L20.726 2.97Z"
                  fill="#212134"
                />
              </svg>
            </div>
            <span
              class="c5 c11"
            >
              Save
            </span>
          </button>
        </div>
      </div>
    </div>
    <div
      class="c12"
    >
      <div
        class="c13"
      >
        <div
          class="c14"
        >
          <div
            class="c15"
          >
            <div
              class="c16"
            >
              <h2
                class="c5 c17"
              >
                Profile
              </h2>
              <div
                class="c18"
              >
                <div
                  class="c19"
                >
                  <div
                    class=""
                  >
                    <div>
                      <div
                        class=""
                      >
                        <div
                          class="c20"
                        >
                          <label
                            class="c5 c21"
                            for="firstname"
                          >
                            <div
                              class="c4"
                            >
                              First name
                              <span
                                class="c5 c22 c23"
                              >
                                *
                              </span>
                            </div>
                          </label>
                          <div
                            class="c2 c24"
                          >
                            <input
                              aria-disabled="false"
                              aria-invalid="false"
                              aria-required="true"
                              class="c25"
                              id="firstname"
                              name="firstname"
                              placeholder=""
                              type="text"
                              value="michoko"
                            />
                          </div>
                        </div>
                      </div>
                    </div>
                  </div>
                </div>
                <div
                  class="c19"
                >
                  <div
                    class=""
                  >
                    <div>
                      <div
                        class=""
                      >
                        <div
                          class="c20"
                        >
                          <label
                            class="c5 c21"
                            for="lastname"
                          >
                            <div
                              class="c4"
                            >
                              Last name
                            </div>
                          </label>
                          <div
                            class="c2 c24"
                          >
                            <input
                              aria-disabled="false"
                              aria-invalid="false"
                              aria-required="false"
                              class="c25"
                              id="lastname"
                              name="lastname"
                              placeholder=""
                              type="text"
                              value="ronronscelestes"
                            />
                          </div>
                        </div>
                      </div>
                    </div>
                  </div>
                </div>
                <div
                  class="c19"
                >
                  <div
                    class=""
                  >
                    <div>
                      <div
                        class=""
                      >
                        <div
                          class="c20"
                        >
                          <label
                            class="c5 c21"
                            for="email"
                          >
                            <div
                              class="c4"
                            >
                              Email
                              <span
                                class="c5 c22 c23"
                              >
                                *
                              </span>
                            </div>
                          </label>
                          <div
                            class="c2 c24"
                          >
                            <input
                              aria-disabled="false"
                              aria-invalid="false"
                              aria-required="true"
                              class="c25"
                              id="email"
                              name="email"
                              placeholder=""
                              type="email"
                              value="michka@michka.fr"
                            />
                          </div>
                        </div>
                      </div>
                    </div>
                  </div>
                </div>
                <div
                  class="c19"
                >
                  <div
                    class=""
                  >
                    <div>
                      <div
                        class=""
                      >
                        <div
                          class="c20"
                        >
                          <label
                            class="c5 c21"
                            for="username"
                          >
                            <div
                              class="c4"
                            >
                              Username
                            </div>
                          </label>
                          <div
                            class="c2 c24"
                          >
                            <input
                              aria-disabled="false"
                              aria-invalid="false"
                              aria-required="false"
                              class="c25"
                              id="username"
                              name="username"
                              placeholder=""
                              type="text"
                              value="yolo"
                            />
                          </div>
                        </div>
                      </div>
                    </div>
                  </div>
                </div>
              </div>
            </div>
          </div>
          <div
            class="c15"
          >
            <div
              class="c16"
            >
              <h2
                class="c5 c17"
              >
                Change password
              </h2>
              <div
                class="c18"
              >
                <div
                  class="c19"
                >
                  <div
                    class=""
                  >
                    <div>
                      <div
                        class=""
                      >
                        <div
                          class="c20"
                        >
                          <label
                            class="c5 c21"
                            for="1"
                          >
                            <div
                              class="c4"
                            >
                              Current Password
                            </div>
                          </label>
                          <div
                            class="c2 c24"
                          >
                            <input
                              aria-disabled="false"
                              aria-invalid="false"
                              aria-required="false"
                              class="c26 c27"
                              id="1"
                              name="currentPassword"
                              type="password"
                              value=""
                            />
                            <div
                              class="c28"
                            >
                              <button
                                class="c29 c30 c31 c32"
                                type="button"
                              >
                                <span
                                  class="c33"
                                >
                                  Hide password
                                </span>
                                <svg
                                  aria-hidden="true"
                                  fill="none"
                                  focusable="false"
                                  height="1rem"
                                  viewBox="0 0 24 24"
                                  width="1rem"
                                  xmlns="http://www.w3.org/2000/svg"
                                >
                                  <path
                                    d="M4.048 6.875 2.103 4.93a1 1 0 1 1 1.414-1.415l16.966 16.966a1 1 0 1 1-1.414 1.415l-2.686-2.686a12.247 12.247 0 0 1-4.383.788c-3.573 0-6.559-1.425-8.962-3.783a15.842 15.842 0 0 1-2.116-2.568 11.096 11.096 0 0 1-.711-1.211 1.145 1.145 0 0 1 0-.875c.124-.258.36-.68.711-1.211.58-.876 1.283-1.75 2.116-2.569.326-.32.663-.622 1.01-.906Zm10.539 10.539-1.551-1.551a4.005 4.005 0 0 1-4.9-4.9L6.584 9.411a6 6 0 0 0 8.002 8.002ZM7.617 4.787A12.248 12.248 0 0 1 12 3.998c3.572 0 6.559 1.426 8.961 3.783a15.845 15.845 0 0 1 2.117 2.569c.351.532.587.954.711 1.211.116.242.115.636 0 .875-.124.257-.36.68-.711 1.211-.58.876-1.283 1.75-2.117 2.568-.325.32-.662.623-1.01.907l-2.536-2.537a6 6 0 0 0-8.002-8.002L7.617 4.787Zm3.347 3.347A4.005 4.005 0 0 1 16 11.998c0 .359-.047.706-.136 1.037l-4.9-4.901Z"
                                    fill="#212134"
                                  />
                                </svg>
                              </button>
                            </div>
                          </div>
                        </div>
                      </div>
                    </div>
                  </div>
                </div>
              </div>
              <div
                class="c18"
              >
                <div
                  class="c19"
                >
                  <div
                    class=""
                  >
                    <div>
                      <div
                        class=""
                      >
                        <div
                          class="c20"
                        >
                          <label
                            class="c5 c21"
                            for="3"
                          >
                            <div
                              class="c4"
                            >
                              Password
                            </div>
                          </label>
                          <div
                            class="c2 c24"
                          >
                            <input
                              aria-disabled="false"
                              aria-invalid="false"
                              aria-required="false"
                              autocomplete="new-password"
                              class="c26 c27"
                              id="3"
                              name="password"
                              type="password"
                              value=""
                            />
                            <div
                              class="c28"
                            >
                              <button
                                class="c29 c30 c31 c32"
                                type="button"
                              >
                                <span
                                  class="c33"
                                >
                                  Hide password
                                </span>
                                <svg
                                  aria-hidden="true"
                                  fill="none"
                                  focusable="false"
                                  height="1rem"
                                  viewBox="0 0 24 24"
                                  width="1rem"
                                  xmlns="http://www.w3.org/2000/svg"
                                >
                                  <path
                                    d="M4.048 6.875 2.103 4.93a1 1 0 1 1 1.414-1.415l16.966 16.966a1 1 0 1 1-1.414 1.415l-2.686-2.686a12.247 12.247 0 0 1-4.383.788c-3.573 0-6.559-1.425-8.962-3.783a15.842 15.842 0 0 1-2.116-2.568 11.096 11.096 0 0 1-.711-1.211 1.145 1.145 0 0 1 0-.875c.124-.258.36-.68.711-1.211.58-.876 1.283-1.75 2.116-2.569.326-.32.663-.622 1.01-.906Zm10.539 10.539-1.551-1.551a4.005 4.005 0 0 1-4.9-4.9L6.584 9.411a6 6 0 0 0 8.002 8.002ZM7.617 4.787A12.248 12.248 0 0 1 12 3.998c3.572 0 6.559 1.426 8.961 3.783a15.845 15.845 0 0 1 2.117 2.569c.351.532.587.954.711 1.211.116.242.115.636 0 .875-.124.257-.36.68-.711 1.211-.58.876-1.283 1.75-2.117 2.568-.325.32-.662.623-1.01.907l-2.536-2.537a6 6 0 0 0-8.002-8.002L7.617 4.787Zm3.347 3.347A4.005 4.005 0 0 1 16 11.998c0 .359-.047.706-.136 1.037l-4.9-4.901Z"
                                    fill="#212134"
                                  />
                                </svg>
                              </button>
                            </div>
                          </div>
                        </div>
                      </div>
                    </div>
                  </div>
                </div>
                <div
                  class="c19"
                >
                  <div
                    class=""
                  >
                    <div>
                      <div
                        class=""
                      >
                        <div
                          class="c20"
                        >
                          <label
                            class="c5 c21"
                            for="5"
                          >
                            <div
                              class="c4"
                            >
                              Password confirmation
                            </div>
                          </label>
                          <div
                            class="c2 c24"
                          >
                            <input
                              aria-disabled="false"
                              aria-invalid="false"
                              aria-required="false"
                              autocomplete="new-password"
                              class="c26 c27"
                              id="5"
                              name="confirmPassword"
                              type="password"
                              value=""
                            />
                            <div
                              class="c28"
                            >
                              <button
                                class="c29 c30 c31 c32"
                                type="button"
                              >
                                <span
                                  class="c33"
                                >
                                  Hide password
                                </span>
                                <svg
                                  aria-hidden="true"
                                  fill="none"
                                  focusable="false"
                                  height="1rem"
                                  viewBox="0 0 24 24"
                                  width="1rem"
                                  xmlns="http://www.w3.org/2000/svg"
                                >
                                  <path
                                    d="M4.048 6.875 2.103 4.93a1 1 0 1 1 1.414-1.415l16.966 16.966a1 1 0 1 1-1.414 1.415l-2.686-2.686a12.247 12.247 0 0 1-4.383.788c-3.573 0-6.559-1.425-8.962-3.783a15.842 15.842 0 0 1-2.116-2.568 11.096 11.096 0 0 1-.711-1.211 1.145 1.145 0 0 1 0-.875c.124-.258.36-.68.711-1.211.58-.876 1.283-1.75 2.116-2.569.326-.32.663-.622 1.01-.906Zm10.539 10.539-1.551-1.551a4.005 4.005 0 0 1-4.9-4.9L6.584 9.411a6 6 0 0 0 8.002 8.002ZM7.617 4.787A12.248 12.248 0 0 1 12 3.998c3.572 0 6.559 1.426 8.961 3.783a15.845 15.845 0 0 1 2.117 2.569c.351.532.587.954.711 1.211.116.242.115.636 0 .875-.124.257-.36.68-.711 1.211-.58.876-1.283 1.75-2.117 2.568-.325.32-.662.623-1.01.907l-2.536-2.537a6 6 0 0 0-8.002-8.002L7.617 4.787Zm3.347 3.347A4.005 4.005 0 0 1 16 11.998c0 .359-.047.706-.136 1.037l-4.9-4.901Z"
                                    fill="#212134"
                                  />
                                </svg>
                              </button>
                            </div>
                          </div>
                        </div>
                      </div>
                    </div>
                  </div>
                </div>
              </div>
            </div>
          </div>
          <div
            class="c15"
          >
            <div
              class="c16"
            >
              <div
                class="c20"
              >
                <h2
                  class="c5 c17"
                >
                  Experience
                </h2>
                <span
                  class="c5 c34"
                >
                  Preference changes will apply only to you. More information is available 
                  <a
                    class="c35"
                    href="https://docs.strapi.io/developer-docs/latest/development/admin-customization.html#locales"
                    rel="noopener noreferrer"
                    target="_blank"
                  >
                    here
                  </a>
                  .
                </span>
              </div>
              <div
                class="c18"
              >
                <div
                  class="c19"
                >
                  <div
                    class=""
                  >
                    <div
                      class=""
                    >
                      <div
                        class="c20"
                      >
                        <label
                          class="c5 c21"
                          for="7"
                        >
                          <div
                            class="c4"
                          >
                            Interface language
                          </div>
                        </label>
                        <div
                          class="c4 c36"
                        >
                          <button
                            aria-describedby="7-hint"
                            aria-disabled="false"
                            aria-expanded="false"
                            aria-haspopup="listbox"
                            aria-labelledby="7 7-label 7-content"
                            class="c37"
                            id="7"
                            type="button"
                          />
                          <div
                            class="c2 c38"
                          >
                            <div
                              class="c4"
                            >
                              <div
                                class="c39"
                              >
                                <span
                                  class="c5 c40"
                                  id="7-content"
                                >
                                  Select
                                </span>
                              </div>
                            </div>
                            <div
                              class="c4"
                            >
                              <button
                                aria-disabled="false"
                                aria-label="Clear the interface language selected"
                                class="c41"
                                title="Clear the interface language selected"
                                type="button"
                              >
                                <svg
                                  fill="none"
                                  height="1rem"
                                  viewBox="0 0 24 24"
                                  width="1rem"
                                  xmlns="http://www.w3.org/2000/svg"
                                >
                                  <path
                                    d="M24 2.417 21.583 0 12 9.583 2.417 0 0 2.417 9.583 12 0 21.583 2.417 24 12 14.417 21.583 24 24 21.583 14.417 12 24 2.417Z"
                                    fill="#212134"
                                  />
                                </svg>
                              </button>
                              <button
                                aria-hidden="true"
                                class="c42 c41 c43"
                                tabindex="-1"
                                title="Carret Down Button"
                                type="button"
                              >
                                <svg
                                  fill="none"
                                  height="1rem"
                                  viewBox="0 0 14 8"
                                  width="1rem"
                                  xmlns="http://www.w3.org/2000/svg"
                                >
                                  <path
                                    clip-rule="evenodd"
                                    d="M14 .889a.86.86 0 0 1-.26.625L7.615 7.736A.834.834 0 0 1 7 8a.834.834 0 0 1-.615-.264L.26 1.514A.861.861 0 0 1 0 .889c0-.24.087-.45.26-.625A.834.834 0 0 1 .875 0h12.25c.237 0 .442.088.615.264a.86.86 0 0 1 .26.625Z"
                                    fill="#32324D"
                                    fill-rule="evenodd"
                                  />
                                </svg>
                              </button>
                            </div>
                          </div>
                        </div>
                        <p
                          class="c5 c44"
                          id="7-hint"
                        >
                          This will only display your own interface in the chosen language.
                        </p>
                      </div>
                    </div>
                  </div>
                </div>
                <div
                  class="c19"
                >
                  <div
                    class=""
                  >
                    <div
                      class=""
                    >
                      <div
                        class="c20"
                      >
                        <label
                          class="c5 c21"
                          for="9"
                        >
                          <div
                            class="c4"
                          >
                            Interface mode
                          </div>
                        </label>
                        <div
                          class="c4 c36"
                        >
                          <button
                            aria-describedby="9-hint"
                            aria-disabled="false"
                            aria-expanded="false"
                            aria-haspopup="listbox"
                            aria-labelledby="9 9-label 9-content"
                            class="c37"
                            id="9"
                            type="button"
                          />
                          <div
                            class="c2 c38"
                          >
                            <div
                              class="c4"
                            >
                              <div
                                class="c39"
                              >
                                <span
                                  class="c5 c40"
                                  id="9-content"
                                >
                                  Light mode
                                </span>
                              </div>
                            </div>
                            <div
                              class="c4"
                            >
                              <button
                                aria-hidden="true"
                                class="c42 c41 c43"
                                tabindex="-1"
                                title="Carret Down Button"
                                type="button"
                              >
                                <svg
                                  fill="none"
                                  height="1rem"
                                  viewBox="0 0 14 8"
                                  width="1rem"
                                  xmlns="http://www.w3.org/2000/svg"
                                >
                                  <path
                                    clip-rule="evenodd"
                                    d="M14 .889a.86.86 0 0 1-.26.625L7.615 7.736A.834.834 0 0 1 7 8a.834.834 0 0 1-.615-.264L.26 1.514A.861.861 0 0 1 0 .889c0-.24.087-.45.26-.625A.834.834 0 0 1 .875 0h12.25c.237 0 .442.088.615.264a.86.86 0 0 1 .26.625Z"
                                    fill="#32324D"
                                    fill-rule="evenodd"
                                  />
                                </svg>
                              </button>
                            </div>
                          </div>
                        </div>
                        <p
                          class="c5 c44"
                          id="9-hint"
                        >
                          Displays your interface in the chosen mode.
                        </p>
                      </div>
                    </div>
                  </div>
                </div>
              </div>
            </div>
          </div>
        </div>
      </div>
    </div>
  </form>
</main>
`;
