// Jest Snapshot v1, https://goo.gl/fbAQLP

exports[`Wysiwyg render and actions buttons should render the Wysiwyg 1`] = `
.c4 {
  border-radius: 4px;
  border-style: solid;
  border-width: 1px;
  border-color: #dcdce4;
}

.c5 {
  background: #f6f6f9;
  padding: 8px;
}

.c12 {
  padding-right: 16px;
  padding-left: 16px;
}

.c14 {
  padding-left: 12px;
}

.c19 {
  padding: 8px;
  border-radius: 4px;
  border-color: #dcdce4;
  border: 1px solid #dcdce4;
  width: 2rem;
  height: 2rem;
  cursor: pointer;
}

.c27 {
  background: #4945ff;
  padding: 8px;
  padding-right: 16px;
  padding-left: 16px;
  border-radius: 4px;
  border-color: #4945ff;
  border: 1px solid #4945ff;
  cursor: pointer;
}

.c33 {
  background: #f6f6f9;
  padding: 8px;
  border-radius: 4px;
}

.c35 {
  background: #ffffff;
  padding: 8px;
  border-radius: 4px;
  border-color: #dcdce4;
  border: 1px solid #dcdce4;
  cursor: pointer;
}

.c0 {
  -webkit-align-items: stretch;
  -webkit-box-align: stretch;
  -ms-flex-align: stretch;
  align-items: stretch;
  display: -webkit-box;
  display: -webkit-flex;
  display: -ms-flexbox;
  display: flex;
  -webkit-flex-direction: column;
  -ms-flex-direction: column;
  flex-direction: column;
  gap: 4px;
}

.c1 {
  -webkit-align-items: center;
  -webkit-box-align: center;
  -ms-flex-align: center;
  align-items: center;
  display: -webkit-box;
  display: -webkit-flex;
  display: -ms-flexbox;
  display: flex;
  -webkit-flex-direction: row;
  -ms-flex-direction: row;
  flex-direction: row;
  gap: 4px;
}

.c6 {
  -webkit-align-items: center;
  -webkit-box-align: center;
  -ms-flex-align: center;
  align-items: center;
  display: -webkit-box;
  display: -webkit-flex;
  display: -ms-flexbox;
  display: flex;
  -webkit-flex-direction: row;
  -ms-flex-direction: row;
  flex-direction: row;
  -webkit-box-pack: justify;
  -webkit-justify-content: space-between;
  -ms-flex-pack: justify;
  justify-content: space-between;
}

.c7 {
  -webkit-align-items: center;
  -webkit-box-align: center;
  -ms-flex-align: center;
  align-items: center;
  display: -webkit-box;
  display: -webkit-flex;
  display: -ms-flexbox;
  display: flex;
  -webkit-flex-direction: row;
  -ms-flex-direction: row;
  flex-direction: row;
}

.c8 {
  -webkit-align-items: stretch;
  -webkit-box-align: stretch;
  -ms-flex-align: stretch;
  align-items: stretch;
  display: -webkit-box;
  display: -webkit-flex;
  display: -ms-flexbox;
  display: flex;
  -webkit-flex-direction: column;
  -ms-flex-direction: column;
  flex-direction: column;
}

.c20 {
  -webkit-align-items: center;
  -webkit-box-align: center;
  -ms-flex-align: center;
  align-items: center;
  display: -webkit-box;
  display: -webkit-flex;
  display: -ms-flexbox;
  display: flex;
  -webkit-flex-direction: row;
  -ms-flex-direction: row;
  flex-direction: row;
  -webkit-box-pack: center;
  -webkit-justify-content: center;
  -ms-flex-pack: center;
  justify-content: center;
}

.c28 {
  -webkit-align-items: center;
  -webkit-box-align: center;
  -ms-flex-align: center;
  align-items: center;
  display: -webkit-box;
  display: -webkit-flex;
  display: -ms-flexbox;
  display: flex;
  -webkit-flex-direction: row;
  -ms-flex-direction: row;
  flex-direction: row;
  gap: 8px;
}

.c34 {
  -webkit-align-items: flex-end;
  -webkit-box-align: flex-end;
  -ms-flex-align: flex-end;
  align-items: flex-end;
  display: -webkit-box;
  display: -webkit-flex;
  display: -ms-flexbox;
  display: flex;
  -webkit-flex-direction: row;
  -ms-flex-direction: row;
  flex-direction: row;
  -webkit-box-pack: end;
  -webkit-justify-content: flex-end;
  -ms-flex-pack: end;
  justify-content: flex-end;
}

.c3 {
  font-size: 0.75rem;
  line-height: 1.33;
  font-weight: 600;
  color: #32324d;
}

.c13 {
  font-size: 0.875rem;
  line-height: 1.43;
  display: block;
  white-space: nowrap;
  overflow: hidden;
  text-overflow: ellipsis;
  color: #666687;
}

.c30 {
  font-size: 0.75rem;
  line-height: 1.33;
  font-weight: 600;
  color: #ffffff;
}

.c37 {
  font-size: 0.875rem;
  line-height: 1.43;
  color: #32324d;
}

.c21 {
  position: relative;
  outline: none;
}

.c21 svg {
  height: 12px;
  width: 12px;
}

.c21 svg > g,
.c21 svg path {
  fill: #ffffff;
}

.c21[aria-disabled='true'] {
  pointer-events: none;
}

.c21:after {
  -webkit-transition-property: all;
  transition-property: all;
  -webkit-transition-duration: 0.2s;
  transition-duration: 0.2s;
  border-radius: 8px;
  content: '';
  position: absolute;
  top: -4px;
  bottom: -4px;
  left: -4px;
  right: -4px;
  border: 2px solid transparent;
}

.c21:focus-visible {
  outline: none;
}

.c21:focus-visible:after {
  border-radius: 8px;
  content: '';
  position: absolute;
  top: -5px;
  bottom: -5px;
  left: -5px;
  right: -5px;
  border: 2px solid #4945ff;
}

.c25 {
  border: 0;
  -webkit-clip: rect(0 0 0 0);
  clip: rect(0 0 0 0);
  height: 1px;
  margin: -1px;
  overflow: hidden;
  padding: 0;
  position: absolute;
  width: 1px;
}

.c29 {
  height: 2rem;
  border: 1px solid #dcdce4;
  background: #ffffff;
}

.c29[aria-disabled='true'] {
  border: 1px solid #dcdce4;
  background: #eaeaef;
}

.c29[aria-disabled='true'] .c2 {
  color: #666687;
}

.c29[aria-disabled='true'] svg > g,.c29[aria-disabled='true'] svg path {
  fill: #666687;
}

.c29[aria-disabled='true']:active {
  border: 1px solid #dcdce4;
  background: #eaeaef;
}

.c29[aria-disabled='true']:active .c2 {
  color: #666687;
}

.c29[aria-disabled='true']:active svg > g,.c29[aria-disabled='true']:active svg path {
  fill: #666687;
}

.c29:hover {
  background-color: #f6f6f9;
}

.c29:active {
  background-color: #eaeaef;
}

.c29 .c2 {
  color: #32324d;
}

.c29 svg > g,
.c29 svg path {
  fill: #32324d;
}

.c9 {
  position: relative;
  border: 1px solid #dcdce4;
  padding-right: 12px;
  border-radius: 4px;
  background: #ffffff;
  overflow: hidden;
  min-height: 2rem;
  outline: none;
  box-shadow: 0;
  -webkit-transition-property: border-color,box-shadow,fill;
  transition-property: border-color,box-shadow,fill;
  -webkit-transition-duration: 0.2s;
  transition-duration: 0.2s;
}

.c9:focus-within {
  border: 1px solid #4945ff;
  box-shadow: #4945ff 0px 0px 0px 2px;
}

.c15 {
  background: transparent;
  border: none;
  position: relative;
  z-index: 1;
}

.c15 svg {
  height: 0.6875rem;
  width: 0.6875rem;
}

.c15 svg path {
  fill: #666687;
}

.c16 {
  display: -webkit-box;
  display: -webkit-flex;
  display: -ms-flexbox;
  display: flex;
  background: none;
  border: none;
}

.c16 svg {
  width: 0.375rem;
}

.c10 {
  position: absolute;
  left: 0;
  right: 0;
  bottom: 0;
  top: 0;
  width: 100%;
  background: transparent;
  border: none;
}

.c10:focus {
  outline: none;
}

.c10[aria-disabled='true'] {
  cursor: not-allowed;
}

.c11 {
  width: 100%;
}

.c23 svg > g,
.c23 svg path {
  fill: #8e8ea9;
}

.c23:hover svg > g,
.c23:hover svg path {
  fill: #666687;
}

.c23:active svg > g,
.c23:active svg path {
  fill: #a5a5ba;
}

.c23[aria-disabled='true'] svg path {
  fill: #666687;
}

.c17 span:first-child button {
  border-left: 1px solid #dcdce4;
  border-radius: 4px 0 0 4px;
}

.c17 span:last-child button {
  border-radius: 0 4px 4px 0;
}

.c17 .c22 {
  border-radius: 0;
  border-left: none;
}

.c17 .c22 svg path {
  fill: #4a4a6a;
}

.c17 .c22:hover {
  background-color: #f6f6f9;
}

.c17 .c22:hover svg path {
  fill: #32324d;
}

.c17 .c22:active {
  background-color: #eaeaef;
}

.c17 .c22:active svg path {
  fill: #212134;
}

.c17 .c22[aria-disabled='true'] svg path {
  fill: #666687;
}

.c32 {
  cursor: auto;
  height: 100%;
}

.c32 .CodeMirror-placeholder {
  color: #666687 !important;
}

.c32 .CodeMirror {
  font-size: 0.875rem;
  height: 290px;
  color: #32324d;
  direction: ltr;
  font-family: -apple-system,BlinkMacSystemFont,'Segoe UI',Roboto,Oxygen,Ubuntu,Cantarell, 'Open Sans','Helvetica Neue',sans-serif;
}

.c32 .CodeMirror-lines {
  padding: 12px 16px;
}

.c32 .CodeMirror-scrollbar-filler,
.c32 .CodeMirror-gutter-filler {
  background-color: #ffffff;
}

.c32 .CodeMirror-gutters {
  border-right: 1px solid #ddd;
  background-color: #f7f7f7;
  white-space: nowrap;
}

.c32 .CodeMirror-linenumber {
  padding: 0 3px 0 5px;
  min-width: 20px;
  text-align: right;
  color: #999;
  white-space: nowrap;
}

.c32 .CodeMirror-guttermarker {
  color: black;
}

.c32 .CodeMirror-guttermarker-subtle {
  color: #999;
}

.c32 .CodeMirror-cursor {
  border-left: 1px solid black;
  border-right: none;
  width: 0;
}

.c32 .CodeMirror div.CodeMirror-secondarycursor {
  border-left: 1px solid silver;
}

.c32 .cm-fat-cursor .CodeMirror-cursor {
  width: auto;
  border: 0 !important;
  background: #7e7;
}

.c32 .cm-fat-cursor-mark {
  background-color: rgba(20,255,20,0.5);
  -webkit-animation: blink 1.06s steps(1) infinite;
  -moz-animation: blink 1.06s steps(1) infinite;
  -webkit-animation: blink 1.06s steps(1) infinite;
  animation: blink 1.06s steps(1) infinite;
}

.c32 .cm-animate-fat-cursor {
  width: auto;
  border: 0;
  -webkit-animation: blink 1.06s steps(1) infinite;
  -moz-animation: blink 1.06s steps(1) infinite;
  -webkit-animation: blink 1.06s steps(1) infinite;
  animation: blink 1.06s steps(1) infinite;
  background-color: #7e7;
}

.c32 .cm-tab {
  display: inline-block;
  -webkit-text-decoration: inherit;
  text-decoration: inherit;
}

.c32 .CodeMirror-rulers {
  position: absolute;
  left: 0;
  right: 0;
  top: -50px;
  bottom: 0;
  overflow: hidden;
}

.c32 .CodeMirror-ruler {
  border-left: 1px solid #ccc;
  top: 0;
  bottom: 0;
  position: absolute;
}

.c32 .cm-header,
.c32 .cm-strong {
  font-weight: bold;
}

.c32 .cm-em {
  font-style: italic;
}

.c32 .cm-link {
  -webkit-text-decoration: underline;
  text-decoration: underline;
}

.c32 .cm-strikethrough {
  -webkit-text-decoration: line-through;
  text-decoration: line-through;
}

.c32 .CodeMirror-composing {
  border-bottom: 2px solid;
}

.c32 div.CodeMirror span.CodeMirror-matchingbracket {
  color: #0b0;
}

.c32 div.CodeMirror span.CodeMirror-nonmatchingbracket {
  color: #a22;
}

.c32 .CodeMirror-matchingtag {
  background: rgba(255,150,0,0.3);
}

.c32 .CodeMirror-activeline-background {
  background: #e8f2ff;
}

.c32 .CodeMirror {
  position: relative;
  overflow: hidden;
  background: #ffffff;
}

.c32 .CodeMirror-scroll {
  overflow: scroll !important;
  margin-bottom: -50px;
  margin-right: -50px;
  padding-bottom: 50px;
  height: 100%;
  outline: none;
  position: relative;
}

.c32 .CodeMirror-sizer {
  position: relative;
  border-right: 50px solid transparent;
}

.c32 .CodeMirror-vscrollbar,
.c32 .CodeMirror-hscrollbar,
.c32 .CodeMirror-scrollbar-filler,
.c32 .CodeMirror-gutter-filler {
  position: absolute;
  z-index: 1;
  display: none;
  outline: none;
}

.c32 .CodeMirror-vscrollbar {
  right: 0;
  top: 0;
  overflow-x: hidden;
  overflow-y: scroll;
}

.c32 .CodeMirror-hscrollbar {
  bottom: 0;
  left: 0;
  overflow-y: hidden;
  overflow-x: scroll;
}

.c32 .CodeMirror-scrollbar-filler {
  right: 0;
  bottom: 0;
}

.c32 .CodeMirror-lines {
  cursor: text;
  min-height: 1px;
}

.c32 .CodeMirror pre.CodeMirror-line,
.c32 .CodeMirror pre.CodeMirror-line-like {
  -moz-border-radius: 0;
  -webkit-border-radius: 0;
  border-radius: 0;
  border-width: 0;
  background: transparent;
  font-family: inherit;
  font-size: inherit;
  margin: 0;
  white-space: pre;
  word-wrap: normal;
  line-height: 1.5;
  color: inherit;
  position: relative;
  overflow: visible;
  -webkit-tap-highlight-color: transparent;
  -webkit-font-variant-ligatures: contextual;
  font-variant-ligatures: contextual;
}

.c32 .CodeMirror pre.CodeMirror-line-like {
  z-index: 2;
}

.c32 .CodeMirror-wrap pre.CodeMirror-line,
.c32 .CodeMirror-wrap pre.CodeMirror-line-like {
  word-wrap: break-word;
  white-space: pre-wrap;
  word-break: normal;
}

.c32 .CodeMirror-linebackground {
  position: absolute;
  left: 0;
  right: 0;
  top: 0;
  bottom: 0;
  z-index: 0;
}

.c32 .CodeMirror-linewidget {
  position: relative;
  padding: 0.1px;
}

.c32 .CodeMirror-rtl pre {
  direction: rtl;
}

.c32 .CodeMirror-code {
  outline: none;
}

.c32 .CodeMirror-scroll,
.c32 .CodeMirror-sizer,
.c32 .CodeMirror-gutter,
.c32 .CodeMirror-gutters,
.c32 .CodeMirror-linenumber {
  -moz-box-sizing: content-box;
  box-sizing: content-box;
}

.c32 .CodeMirror-measure {
  position: absolute;
  width: 100%;
  height: 0;
  overflow: hidden;
  visibility: hidden;
}

.c32 .CodeMirror-cursor {
  position: absolute;
  pointer-events: none;
  border-color: #32324d;
}

.c32 .CodeMirror-measure pre {
  position: static;
}

.c32 div.CodeMirror-cursors {
  visibility: hidden;
  position: relative;
}

.c32 div.CodeMirror-cursors + div {
  z-index: 0 !important;
}

.c32 div.CodeMirror-dragcursors {
  visibility: visible;
}

.c32 .CodeMirror-focused div.CodeMirror-cursors {
  visibility: visible;
}

.c32 .CodeMirror-selected {
  background: #dcdce4;
}

.c32 .CodeMirror-crosshair {
  cursor: crosshair;
}

.c32 .cm-force-border {
  padding-right: 0.1px;
}

.c32 .cm-tab-wrap-hack:after {
  content: '';
}

.c32 span.CodeMirror-selectedtext {
  background: none;
}

.c32 span {
  color: #32324d !important;
}

.c24 {
  padding: 8px;
  outline-offset: -2px !important;
}

.c24 svg {
  width: 1.125rem;
  height: 1.125rem;
}

.c18 {
  margin-left: 16px;
}

.c26 {
  margin: 0 8px;
  padding: 8px;
}

.c26 svg {
  width: 1.125rem;
  height: 1.125rem;
}

.c31 {
  position: relative;
  height: calc(100% - 48px);
}

.c36 {
  background-color: transparent;
  border: none;
  -webkit-align-items: center;
  -webkit-box-align: center;
  -ms-flex-align: center;
  align-items: center;
}

.c36 svg {
  margin-left: 8px;
}

.c36 svg path {
  fill: #4a4a6a;
  width: 0.75rem;
  height: 0.75rem;
}

<div
  class="c0"
>
  <div
    class="c1"
  >
    <span
      class="c2 c3"
    >
      hello world
    </span>
  </div>
  <div
    class="c4"
  >
    <div
      class="c5"
    >
      <div
        class="c6"
      >
        <div
          class="c7"
        >
          <div
            class=""
          >
            <div
              class="c8"
            >
              <div
                class="c7 c9"
              >
                <button
                  aria-disabled="false"
                  aria-expanded="false"
                  aria-haspopup="listbox"
                  aria-labelledby="selectTitle selectTitle-label selectTitle-content"
                  class="c10"
                  id="selectTitle"
                  type="button"
                />
                <div
                  class="c6 c11"
                >
                  <div
                    class="c7"
                  >
                    <div
                      class="c12"
                    >
                      <span
                        class="c2 c13"
                        id="selectTitle-content"
                      >
                        Add a title
                      </span>
                    </div>
                  </div>
                  <div
                    class="c7"
                  >
                    <button
                      aria-hidden="true"
                      class="c14 c15 c16"
                      tabindex="-1"
                      title="Carret Down Button"
                      type="button"
                    >
                      <svg
                        fill="none"
                        height="1rem"
                        viewBox="0 0 14 8"
                        width="1rem"
                        xmlns="http://www.w3.org/2000/svg"
                      >
                        <path
                          clip-rule="evenodd"
                          d="M14 .889a.86.86 0 0 1-.26.625L7.615 7.736A.834.834 0 0 1 7 8a.834.834 0 0 1-.615-.264L.26 1.514A.861.861 0 0 1 0 .889c0-.24.087-.45.26-.625A.834.834 0 0 1 .875 0h12.25c.237 0 .442.088.615.264a.86.86 0 0 1 .26.625Z"
                          fill="#32324D"
                          fill-rule="evenodd"
                        />
                      </svg>
                    </button>
                  </div>
                </div>
              </div>
            </div>
          </div>
          <div
            class="c7 c17 c18"
          >
            <span>
              <button
                aria-disabled="false"
                aria-labelledby="0"
                class="c19 c20 c21 c22 c23 c24"
                id="Bold"
                name="Bold"
                tabindex="0"
                type="button"
              >
                <span
                  class="c25"
                >
                  Bold
                </span>
                <svg
                  aria-hidden="true"
                  fill="none"
                  focusable="false"
                  height="1rem"
                  viewBox="0 0 24 24"
                  width="1rem"
                  xmlns="http://www.w3.org/2000/svg"
                >
                  <path
                    clip-rule="evenodd"
                    d="M7.4 1.2H4.2v21.6h3.2V1.2Zm11.6 6a6 6 0 0 1-1.5 4 6.4 6.4 0 0 1-3.8 11.6H7.4v-3.2h6.3c1.8 0 3.3-1.4 3.3-3.2 0-1.8-1.5-3.2-3.3-3.2H7.4V10H13a2.8 2.8 0 0 0 0-5.6H7.4V1.2H13a6 6 0 0 1 6 6Z"
                    fill="#32324D"
                    fill-rule="evenodd"
                  />
                </svg>
              </button>
            </span>
            <span>
              <button
                aria-disabled="false"
                aria-labelledby="1"
                class="c19 c20 c21 c22 c23 c24"
                id="Italic"
                name="Italic"
                tabindex="0"
                type="button"
              >
                <span
                  class="c25"
                >
                  Italic
                </span>
                <svg
                  aria-hidden="true"
                  fill="none"
                  focusable="false"
                  height="1rem"
                  viewBox="0 0 24 24"
                  width="1rem"
                  xmlns="http://www.w3.org/2000/svg"
                >
                  <path
                    d="M19.7 1H9.4v3h3.1l-4 16H4.2v3h10.3v-3h-3.3l4.2-16h4.2V1Z"
                    fill="#32324D"
                  />
                </svg>
              </button>
            </span>
            <span>
              <button
                aria-disabled="false"
                aria-labelledby="2"
                class="c19 c20 c21 c22 c23 c24"
                id="Underline"
                name="Underline"
                tabindex="0"
                type="button"
              >
                <span
                  class="c25"
                >
                  Underline
                </span>
                <svg
                  aria-hidden="true"
                  fill="none"
                  focusable="false"
                  height="1rem"
                  viewBox="0 0 24 24"
                  width="1rem"
                  xmlns="http://www.w3.org/2000/svg"
                >
                  <path
                    d="M12 17.3c1.99 0 3.9-.74 5.3-2.07a6.9 6.9 0 0 0 2.2-5.01V1h-3v9.22c0 1.13-.47 2.2-1.32 3A4.63 4.63 0 0 1 12 14.48c-1.2 0-2.34-.45-3.18-1.24a4.14 4.14 0 0 1-1.32-3.01V1h-3v9.22a6.9 6.9 0 0 0 2.2 5.01 7.73 7.73 0 0 0 5.3 2.08Zm9.75 2.14H2.25v2.83h19.5v-2.83Z"
                    fill="#32324D"
                  />
                </svg>
              </button>
            </span>
          </div>
          <span>
            <button
              aria-disabled="false"
              aria-labelledby="3"
              class="c19 c20 c21 c22 c23 c26"
              id="more"
              tabindex="0"
              type="button"
            >
              <span
                class="c25"
              >
                More
              </span>
              <svg
                aria-hidden="true"
                fill="none"
                focusable="false"
                height="1rem"
                viewBox="0 0 24 24"
                width="1rem"
                xmlns="http://www.w3.org/2000/svg"
              >
                <path
                  d="M3.5 14.6a2.6 2.6 0 1 0 0-5.2 2.6 2.6 0 0 0 0 5.2Zm8.5 0a2.6 2.6 0 1 0 0-5.2 2.6 2.6 0 0 0 0 5.2Zm8.5 0a2.6 2.6 0 1 0 0-5.2 2.6 2.6 0 0 0 0 5.2Z"
                  fill="#32324D"
                />
              </svg>
            </button>
          </span>
        </div>
        <button
          aria-disabled="false"
          class="c27 c28 c21 c29"
          id="preview"
          type="button"
        >
          <span
            class="c2 c30"
          >
            Preview mode
          </span>
        </button>
      </div>
    </div>
    <div
      class="c31"
    >
      <div
        class="c32"
      >
        <textarea
          style="display: none;"
        />
        <div
          class="CodeMirror cm-s-default CodeMirror-wrap"
          translate="no"
        >
          <div
            class="CodeMirror-vscrollbar"
            cm-not-content="true"
            tabindex="-1"
          >
            <div
              style="min-width: 1px;"
            />
          </div>
          <div
            class="CodeMirror-hscrollbar"
            cm-not-content="true"
            tabindex="-1"
          >
            <div
              style="height: 100%; min-height: 1px;"
            />
          </div>
          <div
            class="CodeMirror-scrollbar-filler"
            cm-not-content="true"
          />
          <div
            class="CodeMirror-gutter-filler"
            cm-not-content="true"
          />
          <div
            class="CodeMirror-scroll"
            tabindex="-1"
          >
            <div
              class="CodeMirror-sizer"
              style="margin-left: 0px;"
            >
              <div
                style="position: relative;"
              >
                <div
                  class="CodeMirror-lines"
                  role="presentation"
                >
                  <div
                    role="presentation"
                    style="position: relative; outline: none;"
                  >
                    <div
                      class="CodeMirror-measure"
                    >
                      <pre
                        class="CodeMirror-line-like"
                      >
                        <span>
                          xxxxxxxxxx
                        </span>
                      </pre>
                    </div>
                    <div
                      class="CodeMirror-measure"
                    />
                    <div
                      style="position: relative; z-index: 1;"
                    />
                    <div
                      class="CodeMirror-cursors"
                    />
                    <div
                      aria-label="Editor"
                      autocapitalize="off"
                      autocorrect="off"
                      class="CodeMirror-code"
                      role="presentation"
                      spellcheck="true"
                      tabindex="0"
                    />
                  </div>
                </div>
              </div>
            </div>
            <div
              style="position: absolute; height: 50px; width: 1px;"
            />
            <div
              class="CodeMirror-gutters"
              style="display: none;"
            />
          </div>
        </div>
      </div>
    </div>
    <div
      class="c33"
    >
      <div
        class="c34"
      >
        <button
          class="c35 c7 c21 c36"
          id="expand"
          type="button"
        >
          <span
            class="c2 c37"
          >
            Expand
          </span>
          <svg
            fill="none"
            height="1rem"
            viewBox="0 0 24 24"
            width="1rem"
            xmlns="http://www.w3.org/2000/svg"
          >
            <path
              d="M15.5 3.5h5v5H23V1h-7.5v2.5Zm5 17h-5V23H23v-7.5h-2.5v5Zm-17-17h5V1H1v7.5h2.5v-5ZM1 23.3h7.5v-2.5h-5v-5H1v7.5Z"
              fill="#32324D"
            />
          </svg>
        </button>
      </div>
    </div>
  </div>
</div>
`;
