// Jest Snapshot v1, https://goo.gl/fbAQLP

exports[`Content-Manager || RelationInput should render and match snapshot 1`] = `
.c0 {
  padding-bottom: 12px;
}

.c2 {
  -webkit-flex-basis: 70%;
  -ms-flex-preferred-size: 70%;
  flex-basis: 70%;
}

.c7 {
  padding-right: 12px;
}

.c11 {
  padding-right: 8px;
}

.c15 {
  cursor: all-scroll;
}

.c16 {
  background: #ffffff;
  padding-top: 8px;
  padding-right: 16px;
  padding-bottom: 8px;
  padding-left: 8px;
  border-radius: 4px;
  border-color: #dcdce4;
  border: 1px solid #dcdce4;
}

.c20 {
  padding: 8px;
  border-radius: 4px;
  border-width: 0;
  border-color: #dcdce4;
  width: 2rem;
  height: 2rem;
  cursor: pointer;
}

.c25 {
  padding-top: 4px;
  padding-right: 16px;
  padding-bottom: 4px;
  min-width: 0;
}

.c29 {
  background: #eaf5ff;
  padding-top: 4px;
  padding-right: 8px;
  padding-bottom: 4px;
  padding-left: 8px;
  border-radius: 4px;
  border-color: #b8e1ff;
  border: 1px solid #b8e1ff;
}

.c32 {
  padding-left: 16px;
}

.c34 {
  color: #666687;
  width: 12px;
}

.c37 {
  background: #eafbe7;
  padding-top: 4px;
  padding-right: 8px;
  padding-bottom: 4px;
  padding-left: 8px;
  border-radius: 4px;
  border-color: #c6f0c2;
  border: 1px solid #c6f0c2;
}

.c40 {
  padding-top: 8px;
}

.c1 {
  -webkit-align-items: end;
  -webkit-box-align: end;
  -ms-flex-align: end;
  align-items: end;
  display: -webkit-box;
  display: -webkit-flex;
  display: -ms-flexbox;
  display: flex;
  -webkit-flex-direction: row;
  -ms-flex-direction: row;
  flex-direction: row;
  -webkit-flex-wrap: wrap;
  -ms-flex-wrap: wrap;
  flex-wrap: wrap;
  gap: 8px;
  -webkit-box-pack: justify;
  -webkit-justify-content: space-between;
  -ms-flex-pack: justify;
  justify-content: space-between;
}

.c3 {
  -webkit-align-items: stretch;
  -webkit-box-align: stretch;
  -ms-flex-align: stretch;
  align-items: stretch;
  display: -webkit-box;
  display: -webkit-flex;
  display: -ms-flexbox;
  display: flex;
  -webkit-flex-direction: column;
  -ms-flex-direction: column;
  flex-direction: column;
  gap: 4px;
}

.c6 {
  -webkit-align-items: center;
  -webkit-box-align: center;
  -ms-flex-align: center;
  align-items: center;
  display: -webkit-box;
  display: -webkit-flex;
  display: -ms-flexbox;
  display: flex;
  -webkit-flex-direction: row;
  -ms-flex-direction: row;
  flex-direction: row;
}

.c17 {
  -webkit-align-items: center;
  -webkit-box-align: center;
  -ms-flex-align: center;
  align-items: center;
  display: -webkit-box;
  display: -webkit-flex;
  display: -ms-flexbox;
  display: flex;
  -webkit-flex-direction: row;
  -ms-flex-direction: row;
  flex-direction: row;
  -webkit-box-pack: justify;
  -webkit-justify-content: space-between;
  -ms-flex-pack: justify;
  justify-content: space-between;
}

.c18 {
  -webkit-align-items: center;
  -webkit-box-align: center;
  -ms-flex-align: center;
  align-items: center;
  display: -webkit-box;
  display: -webkit-flex;
  display: -ms-flexbox;
  display: flex;
  -webkit-flex-direction: row;
  -ms-flex-direction: row;
  flex-direction: row;
  gap: 4px;
}

.c21 {
  -webkit-align-items: center;
  -webkit-box-align: center;
  -ms-flex-align: center;
  align-items: center;
  display: -webkit-box;
  display: -webkit-flex;
  display: -ms-flexbox;
  display: flex;
  -webkit-flex-direction: row;
  -ms-flex-direction: row;
  flex-direction: row;
  -webkit-box-pack: center;
  -webkit-justify-content: center;
  -ms-flex-pack: center;
  justify-content: center;
}

.c5 {
  font-size: 0.75rem;
  line-height: 1.33;
  font-weight: 600;
  color: #32324d;
}

.c12 {
  font-size: 0.75rem;
  line-height: 1.33;
  color: #4945ff;
}

.c28 {
  font-size: 0.875rem;
  line-height: 1.43;
  color: #32324d;
}

.c31 {
  font-size: 0.875rem;
  line-height: 1.43;
  font-weight: 600;
  color: #006096;
}

.c36 {
  font-size: 0.875rem;
  line-height: 1.43;
  display: block;
  white-space: nowrap;
  overflow: hidden;
  text-overflow: ellipsis;
  color: #4945ff;
}

.c39 {
  font-size: 0.875rem;
  line-height: 1.43;
  font-weight: 600;
  color: #2f6846;
}

.c41 {
  font-size: 0.75rem;
  line-height: 1.33;
  color: #666687;
}

.c35 path {
  fill: #666687;
}

.c10 {
  background: transparent;
  border: none;
  position: relative;
  outline: none;
}

.c10[aria-disabled='true'] {
  pointer-events: none;
}

.c10[aria-disabled='true'] svg path {
  fill: #666687;
}

.c10 svg {
  display: -webkit-box;
  display: -webkit-flex;
  display: -ms-flexbox;
  display: flex;
  font-size: 0.625rem;
}

.c10 svg path {
  fill: #4945ff;
}

.c10:after {
  -webkit-transition-property: all;
  transition-property: all;
  -webkit-transition-duration: 0.2s;
  transition-duration: 0.2s;
  border-radius: 8px;
  content: '';
  position: absolute;
  top: -4px;
  bottom: -4px;
  left: -4px;
  right: -4px;
  border: 2px solid transparent;
}

.c10:focus-visible {
  outline: none;
}

.c10:focus-visible:after {
  border-radius: 8px;
  content: '';
  position: absolute;
  top: -5px;
  bottom: -5px;
  left: -5px;
  right: -5px;
  border: 2px solid #4945ff;
}

.c22 {
  position: relative;
  outline: none;
}

.c22 svg {
  height: 12px;
  width: 12px;
}

.c22 svg > g,
.c22 svg path {
  fill: #ffffff;
}

.c22[aria-disabled='true'] {
  pointer-events: none;
}

.c22:after {
  -webkit-transition-property: all;
  transition-property: all;
  -webkit-transition-duration: 0.2s;
  transition-duration: 0.2s;
  border-radius: 8px;
  content: '';
  position: absolute;
  top: -4px;
  bottom: -4px;
  left: -4px;
  right: -4px;
  border: 2px solid transparent;
}

.c22:focus-visible {
  outline: none;
}

.c22:focus-visible:after {
  border-radius: 8px;
  content: '';
  position: absolute;
  top: -5px;
  bottom: -5px;
  left: -5px;
  right: -5px;
  border: 2px solid #4945ff;
}

.c14 {
  border: 0;
  -webkit-clip: rect(0 0 0 0);
  clip: rect(0 0 0 0);
  height: 1px;
  margin: -1px;
  overflow: hidden;
  padding: 0;
  position: absolute;
  width: 1px;
}

.c26 {
  display: -webkit-inline-box;
  display: -webkit-inline-flex;
  display: -ms-inline-flexbox;
  display: inline-flex;
  -webkit-align-items: center;
  -webkit-box-align: center;
  -ms-flex-align: center;
  align-items: center;
  -webkit-text-decoration: none;
  text-decoration: none;
  color: #4945ff;
  position: relative;
  outline: none;
}

.c26 svg path {
  -webkit-transition: fill 150ms ease-out;
  transition: fill 150ms ease-out;
  fill: currentColor;
}

.c26 svg {
  font-size: 0.625rem;
}

.c26 .c4 {
  -webkit-transition: color 150ms ease-out;
  transition: color 150ms ease-out;
  color: currentColor;
}

.c26:hover {
  color: #7b79ff;
}

.c26:active {
  color: #271fe0;
}

.c26:after {
  -webkit-transition-property: all;
  transition-property: all;
  -webkit-transition-duration: 0.2s;
  transition-duration: 0.2s;
  border-radius: 8px;
  content: '';
  position: absolute;
  top: -4px;
  bottom: -4px;
  left: -4px;
  right: -4px;
  border: 2px solid transparent;
}

.c26:focus-visible {
  outline: none;
}

.c26:focus-visible:after {
  border-radius: 8px;
  content: '';
  position: absolute;
  top: -5px;
  bottom: -5px;
  left: -5px;
  right: -5px;
  border: 2px solid #4945ff;
}

.c23 svg > g,
.c23 svg path {
  fill: #8e8ea9;
}

.c23:hover svg > g,
.c23:hover svg path {
  fill: #666687;
}

.c23:active svg > g,
.c23:active svg path {
  fill: #a5a5ba;
}

.c23[aria-disabled='true'] svg path {
  fill: #666687;
}

.c30 .c4 {
  color: #0c75af;
}

.c38 .c4 {
  color: #328048;
}

.c8 {
  background: transparent;
  border: none;
  position: relative;
  z-index: 1;
}

.c8 svg {
  height: 0.6875rem;
  width: 0.6875rem;
}

.c8 svg path {
  fill: #666687;
}

.c9 {
  display: -webkit-box;
  display: -webkit-flex;
  display: -ms-flexbox;
  display: flex;
  background: none;
  border: none;
}

.c9 svg {
  width: 0.5625rem;
}

.c19 {
  width: 100%;
  min-width: 0;
}

.c19 > div[role='button'] {
  cursor: all-scroll;
}

.c24 {
  width: 100%;
  min-width: 0;
}

.c13 {
  position: relative;
  overflow-x: hidden;
  overflow-y: auto;
}

.c13:before,
.c13:after {
  position: absolute;
  width: 100%;
  height: 4px;
  z-index: 1;
}

.c13:before {
  content: '';
  background: linear-gradient(rgba(3,3,5,0.2) 0%,rgba(0,0,0,0) 100%);
  top: 0;
  opacity: 0;
  -webkit-transition: opacity 0.2s ease-in-out;
  transition: opacity 0.2s ease-in-out;
}

.c13:after {
  content: '';
  background: linear-gradient(0deg,rgba(3,3,5,0.2) 0%,rgba(0,0,0,0) 100%);
  bottom: 0;
  opacity: 0;
  -webkit-transition: opacity 0.2s ease-in-out;
  transition: opacity 0.2s ease-in-out;
}

.c27 {
  display: block;
}

.c27 > span {
  white-space: nowrap;
  overflow: hidden;
  text-overflow: ellipsis;
  display: block;
}

.c33 svg path {
  fill: #8e8ea9;
}

.c33:hover svg path,
.c33:focus svg path {
  fill: #666687;
}

<div>
  <div
    class=""
  >
    <div
      class="c0 c1"
      wrap="wrap"
    >
      <div
        class="c2 c3"
      >
        <label
          class="c4 c5"
          for="1"
        >
          <div
            class="c6"
          >
            Some Relation
          </div>
        </label>
        <div
          class=" css-1iyvlxg-container"
        >
          <span
            class="css-1f43avz-a11yText-A11yText"
            id="react-select-2-live-region"
          />
          <span
            aria-atomic="false"
            aria-live="polite"
            aria-relevant="additions text"
            class="css-1f43avz-a11yText-A11yText"
          />
          <div
            class=" css-1ckpxei-control"
          >
            <div
              class=" css-1drmnx5-ValueContainer"
            >
              <div
                class=" css-sh9ym6-placeholder"
                id="react-select-2-placeholder"
              >
                Select...
              </div>
              <div
                class=" css-1tx596x-Input"
                data-value=""
              >
                <input
                  aria-autocomplete="list"
                  aria-describedby="react-select-2-placeholder"
                  aria-expanded="false"
                  aria-haspopup="true"
                  aria-invalid="false"
                  autocapitalize="none"
                  autocomplete="off"
                  autocorrect="off"
                  class=""
                  id="1"
                  role="combobox"
                  spellcheck="false"
                  style="opacity: 1; width: 100%; grid-area: 1 / 2; min-width: 2px; border: 0px; margin: 0px; outline: 0; padding: 0px;"
                  tabindex="0"
                  type="text"
                  value=""
                />
              </div>
            </div>
            <div
              class=" css-1hb7zxy-IndicatorsContainer"
            >
              <div
                aria-hidden="true"
                class="c7 c8 c9"
              >
                <svg
                  fill="none"
                  height="1rem"
                  viewBox="0 0 14 8"
                  width="1rem"
                  xmlns="http://www.w3.org/2000/svg"
                >
                  <path
                    clip-rule="evenodd"
                    d="M14 .889a.86.86 0 0 1-.26.625L7.615 7.736A.834.834 0 0 1 7 8a.834.834 0 0 1-.615-.264L.26 1.514A.861.861 0 0 1 0 .889c0-.24.087-.45.26-.625A.834.834 0 0 1 .875 0h12.25c.237 0 .442.088.615.264a.86.86 0 0 1 .26.625Z"
                    fill="#32324D"
                    fill-rule="evenodd"
                  />
                </svg>
              </div>
            </div>
          </div>
          <input
            name="some-relation-1"
            type="hidden"
            value=""
          />
        </div>
      </div>
      <button
        aria-disabled="false"
        class="c6 c10"
        type="button"
      >
        <span
          aria-hidden="true"
          class="c11"
        >
          <svg
            fill="none"
            height="1rem"
            viewBox="0 0 24 24"
            width="1rem"
            xmlns="http://www.w3.org/2000/svg"
          >
            <path
              clip-rule="evenodd"
              d="M15.681 2.804A9.64 9.64 0 0 0 11.818 2C6.398 2 2 6.48 2 12c0 5.521 4.397 10 9.818 10 2.03 0 4.011-.641 5.67-1.835a9.987 9.987 0 0 0 3.589-4.831 1.117 1.117 0 0 0-.664-1.418 1.086 1.086 0 0 0-1.393.676 7.769 7.769 0 0 1-2.792 3.758 7.546 7.546 0 0 1-4.41 1.428V4.222h.002a7.492 7.492 0 0 1 3.003.625 7.61 7.61 0 0 1 2.5 1.762l.464.551-2.986 3.042a.186.186 0 0 0 .129.316H22V3.317a.188.188 0 0 0-.112-.172.179.179 0 0 0-.199.04l-2.355 2.4-.394-.468-.02-.02a9.791 9.791 0 0 0-3.239-2.293Zm-3.863 1.418V2v2.222Zm0 0v15.556c-4.216 0-7.636-3.484-7.636-7.778s3.42-7.777 7.636-7.778Z"
              fill="#212134"
              fill-rule="evenodd"
            />
          </svg>
        </span>
        <span
          class="c4 c12"
        >
          Load more
        </span>
      </button>
    </div>
    <div
      class="c13"
    >
      <div
        class="c14"
        id="some-relation-1-item-instructions"
      >
        Press spacebar to grab and re-order
      </div>
      <div
        aria-live="assertive"
        class="c14"
      />
      <div
        style="position: relative; height: 162px; overflow: auto; will-change: transform; direction: ltr;"
      >
        <ol
          style="height: 162px; width: 100%;"
        >
          <li
            aria-describedby="some-relation-1-item-instructions"
            class="c15"
            style="position: absolute; left: 0px; top: 0px; height: 54px; width: 100%; bottom: 4px;"
          >
            <div
              class="c16 c17"
              data-handler-id="T0"
              draggable="true"
            >
              <div
                class="c18 c19"
              >
                <div
                  aria-disabled="false"
                  class="c20 c21 c22 c23"
                  role="button"
                  tabindex="0"
                  type="button"
                >
                  <span
                    class="c14"
                  >
                    Drag
                  </span>
                  <svg
                    aria-hidden="true"
                    fill="none"
                    focusable="false"
                    height="1rem"
                    viewBox="0 0 24 24"
                    width="1rem"
                    xmlns="http://www.w3.org/2000/svg"
                  >
                    <path
                      d="M16.563 5.587a2.503 2.503 0 1 0 0-5.007 2.503 2.503 0 0 0 0 5.007Z"
                      fill="#212134"
                    />
                    <path
                      d="M18.487 3.083c-.012.788-.487 1.513-1.229 1.797a1.954 1.954 0 0 1-2.184-.574A1.943 1.943 0 0 1 14.9 2.11c.4-.684 1.2-1.066 1.981-.927a1.954 1.954 0 0 1 1.606 1.9c.011.748 1.17.748 1.158 0A3.138 3.138 0 0 0 17.565.17c-1.176-.423-2.567-.03-3.36.933-.83 1.002-.968 2.45-.284 3.575.678 1.124 1.993 1.674 3.273 1.431 1.432-.272 2.428-1.593 2.451-3.019.012-.753-1.147-.753-1.158-.006ZM16.563 14.372a2.503 2.503 0 1 0 0-5.007 2.503 2.503 0 0 0 0 5.007Z"
                      fill="#212134"
                    />
                    <path
                      d="M18.487 11.867c-.012.789-.487 1.513-1.229 1.797a1.954 1.954 0 0 1-2.184-.574 1.943 1.943 0 0 1-.174-2.196c.4-.684 1.2-1.066 1.981-.927.928.156 1.588.968 1.606 1.9.011.748 1.17.748 1.158 0a3.138 3.138 0 0 0-2.08-2.914c-1.176-.423-2.567-.029-3.36.933-.83 1.002-.968 2.45-.284 3.575.678 1.124 1.993 1.675 3.273 1.431 1.432-.272 2.428-1.593 2.451-3.019.012-.753-1.147-.753-1.158-.005ZM16.563 23.392a2.503 2.503 0 1 0 0-5.006 2.503 2.503 0 0 0 0 5.006Z"
                      fill="#212134"
                    />
                    <path
                      d="M18.487 20.89c-.012.787-.487 1.512-1.229 1.796a1.954 1.954 0 0 1-2.184-.574 1.943 1.943 0 0 1-.174-2.196c.4-.684 1.2-1.066 1.981-.927.928.156 1.588.967 1.606 1.9.011.748 1.17.748 1.158 0a3.138 3.138 0 0 0-2.08-2.914c-1.176-.423-2.567-.03-3.36.933-.83 1.002-.968 2.45-.284 3.575.678 1.124 1.993 1.674 3.273 1.431 1.432-.272 2.428-1.593 2.451-3.019.012-.753-1.147-.753-1.158-.006ZM7.378 5.622a2.503 2.503 0 1 0 0-5.007 2.503 2.503 0 0 0 0 5.007Z"
                      fill="#212134"
                    />
                    <path
                      d="M9.302 3.119c-.011.788-.486 1.512-1.228 1.796a1.954 1.954 0 0 1-2.185-.574 1.943 1.943 0 0 1-.173-2.196c.4-.684 1.199-1.066 1.981-.927a1.943 1.943 0 0 1 1.605 1.9c.012.748 1.17.748 1.16 0A3.138 3.138 0 0 0 8.38.205c-1.176-.423-2.567-.029-3.36.933-.83 1.002-.968 2.45-.285 3.575.678 1.124 1.994 1.675 3.274 1.431 1.431-.272 2.428-1.593 2.451-3.019.012-.753-1.147-.753-1.159-.005ZM7.378 14.406a2.503 2.503 0 1 0 0-5.006 2.503 2.503 0 0 0 0 5.006Z"
                      fill="#212134"
                    />
                    <path
                      d="M9.302 11.902c-.011.788-.486 1.513-1.228 1.797a1.954 1.954 0 0 1-2.185-.574 1.943 1.943 0 0 1-.173-2.196c.4-.684 1.199-1.066 1.981-.927a1.943 1.943 0 0 1 1.605 1.9c.012.748 1.17.748 1.16 0A3.138 3.138 0 0 0 8.38 8.988c-1.176-.423-2.567-.03-3.36.933-.83 1.002-.968 2.45-.285 3.575.678 1.124 1.994 1.674 3.274 1.431 1.431-.272 2.428-1.593 2.451-3.019.012-.753-1.147-.753-1.159-.006ZM7.378 23.427a2.503 2.503 0 1 0 0-5.007 2.503 2.503 0 0 0 0 5.007Z"
                      fill="#212134"
                    />
                    <path
                      d="M9.302 20.924c-.011.788-.486 1.513-1.228 1.797a1.954 1.954 0 0 1-2.185-.574 1.943 1.943 0 0 1-.173-2.196c.4-.684 1.199-1.066 1.981-.927.933.156 1.594.967 1.605 1.9.012.748 1.17.748 1.16 0A3.139 3.139 0 0 0 8.38 18.01c-1.176-.423-2.567-.03-3.36.933-.83 1.002-.968 2.45-.285 3.569.678 1.124 1.994 1.675 3.274 1.431 1.431-.272 2.428-1.593 2.451-3.019.012-.747-1.147-.747-1.159 0Z"
                      fill="#212134"
                    />
                  </svg>
                </div>
                <div
                  class="c17 c24"
                >
                  <div
                    class="c25"
                  >
                    <span>
                      <a
                        aria-current="page"
                        aria-describedby="0"
                        class="c26 c27 active"
                        href="/"
                        tabindex="0"
                      >
                        <span
                          class="c4 c28"
                        >
                          Relation 1
                        </span>
                      </a>
                    </span>
                  </div>
                  <div
                    class="c29 c30"
                  >
                    <span
                      class="c4 c31"
                    >
                      Draft
                    </span>
                  </div>
                </div>
              </div>
              <div
                class="c32"
              >
                <button
                  aria-label="Remove"
                  class="c33"
                  data-testid="remove-relation-1"
                  type="button"
                >
                  <svg
                    class="c34 c35"
                    fill="none"
                    height="1rem"
                    viewBox="0 0 24 24"
                    width="1rem"
                    xmlns="http://www.w3.org/2000/svg"
                  >
                    <path
                      d="M24 2.417 21.583 0 12 9.583 2.417 0 0 2.417 9.583 12 0 21.583 2.417 24 12 14.417 21.583 24 24 21.583 14.417 12 24 2.417Z"
                      fill="#212134"
                    />
                  </svg>
                </button>
              </div>
            </div>
          </li>
          <li
            aria-describedby="some-relation-1-item-instructions"
            class="c15"
            style="position: absolute; left: 0px; top: 54px; height: 54px; width: 100%; bottom: 4px;"
          >
            <div
              class="c16 c17"
              data-handler-id="T2"
              draggable="true"
            >
              <div
                class="c18 c19"
              >
                <div
                  aria-disabled="false"
                  class="c20 c21 c22 c23"
                  role="button"
                  tabindex="0"
                  type="button"
                >
                  <span
                    class="c14"
                  >
                    Drag
                  </span>
                  <svg
                    aria-hidden="true"
                    fill="none"
                    focusable="false"
                    height="1rem"
                    viewBox="0 0 24 24"
                    width="1rem"
                    xmlns="http://www.w3.org/2000/svg"
                  >
                    <path
                      d="M16.563 5.587a2.503 2.503 0 1 0 0-5.007 2.503 2.503 0 0 0 0 5.007Z"
                      fill="#212134"
                    />
                    <path
                      d="M18.487 3.083c-.012.788-.487 1.513-1.229 1.797a1.954 1.954 0 0 1-2.184-.574A1.943 1.943 0 0 1 14.9 2.11c.4-.684 1.2-1.066 1.981-.927a1.954 1.954 0 0 1 1.606 1.9c.011.748 1.17.748 1.158 0A3.138 3.138 0 0 0 17.565.17c-1.176-.423-2.567-.03-3.36.933-.83 1.002-.968 2.45-.284 3.575.678 1.124 1.993 1.674 3.273 1.431 1.432-.272 2.428-1.593 2.451-3.019.012-.753-1.147-.753-1.158-.006ZM16.563 14.372a2.503 2.503 0 1 0 0-5.007 2.503 2.503 0 0 0 0 5.007Z"
                      fill="#212134"
                    />
                    <path
                      d="M18.487 11.867c-.012.789-.487 1.513-1.229 1.797a1.954 1.954 0 0 1-2.184-.574 1.943 1.943 0 0 1-.174-2.196c.4-.684 1.2-1.066 1.981-.927.928.156 1.588.968 1.606 1.9.011.748 1.17.748 1.158 0a3.138 3.138 0 0 0-2.08-2.914c-1.176-.423-2.567-.029-3.36.933-.83 1.002-.968 2.45-.284 3.575.678 1.124 1.993 1.675 3.273 1.431 1.432-.272 2.428-1.593 2.451-3.019.012-.753-1.147-.753-1.158-.005ZM16.563 23.392a2.503 2.503 0 1 0 0-5.006 2.503 2.503 0 0 0 0 5.006Z"
                      fill="#212134"
                    />
                    <path
                      d="M18.487 20.89c-.012.787-.487 1.512-1.229 1.796a1.954 1.954 0 0 1-2.184-.574 1.943 1.943 0 0 1-.174-2.196c.4-.684 1.2-1.066 1.981-.927.928.156 1.588.967 1.606 1.9.011.748 1.17.748 1.158 0a3.138 3.138 0 0 0-2.08-2.914c-1.176-.423-2.567-.03-3.36.933-.83 1.002-.968 2.45-.284 3.575.678 1.124 1.993 1.674 3.273 1.431 1.432-.272 2.428-1.593 2.451-3.019.012-.753-1.147-.753-1.158-.006ZM7.378 5.622a2.503 2.503 0 1 0 0-5.007 2.503 2.503 0 0 0 0 5.007Z"
                      fill="#212134"
                    />
                    <path
                      d="M9.302 3.119c-.011.788-.486 1.512-1.228 1.796a1.954 1.954 0 0 1-2.185-.574 1.943 1.943 0 0 1-.173-2.196c.4-.684 1.199-1.066 1.981-.927a1.943 1.943 0 0 1 1.605 1.9c.012.748 1.17.748 1.16 0A3.138 3.138 0 0 0 8.38.205c-1.176-.423-2.567-.029-3.36.933-.83 1.002-.968 2.45-.285 3.575.678 1.124 1.994 1.675 3.274 1.431 1.431-.272 2.428-1.593 2.451-3.019.012-.753-1.147-.753-1.159-.005ZM7.378 14.406a2.503 2.503 0 1 0 0-5.006 2.503 2.503 0 0 0 0 5.006Z"
                      fill="#212134"
                    />
                    <path
                      d="M9.302 11.902c-.011.788-.486 1.513-1.228 1.797a1.954 1.954 0 0 1-2.185-.574 1.943 1.943 0 0 1-.173-2.196c.4-.684 1.199-1.066 1.981-.927a1.943 1.943 0 0 1 1.605 1.9c.012.748 1.17.748 1.16 0A3.138 3.138 0 0 0 8.38 8.988c-1.176-.423-2.567-.03-3.36.933-.83 1.002-.968 2.45-.285 3.575.678 1.124 1.994 1.674 3.274 1.431 1.431-.272 2.428-1.593 2.451-3.019.012-.753-1.147-.753-1.159-.006ZM7.378 23.427a2.503 2.503 0 1 0 0-5.007 2.503 2.503 0 0 0 0 5.007Z"
                      fill="#212134"
                    />
                    <path
                      d="M9.302 20.924c-.011.788-.486 1.513-1.228 1.797a1.954 1.954 0 0 1-2.185-.574 1.943 1.943 0 0 1-.173-2.196c.4-.684 1.199-1.066 1.981-.927.933.156 1.594.967 1.605 1.9.012.748 1.17.748 1.16 0A3.139 3.139 0 0 0 8.38 18.01c-1.176-.423-2.567-.03-3.36.933-.83 1.002-.968 2.45-.285 3.569.678 1.124 1.994 1.675 3.274 1.431 1.431-.272 2.428-1.593 2.451-3.019.012-.747-1.147-.747-1.159 0Z"
                      fill="#212134"
                    />
                  </svg>
                </div>
                <div
                  class="c17 c24"
                >
                  <div
                    class="c25"
                  >
                    <span>
                      <span
                        aria-describedby="1"
                        class="c4 c36"
                        tabindex="0"
                      >
                        Relation 2
                      </span>
                    </span>
                  </div>
                  <div
                    class="c37 c38"
                  >
                    <span
                      class="c4 c39"
                    >
                      Published
                    </span>
                  </div>
                </div>
              </div>
              <div
                class="c32"
              >
                <button
                  aria-label="Remove"
                  class="c33"
                  data-testid="remove-relation-2"
                  type="button"
                >
                  <svg
                    class="c34 c35"
                    fill="none"
                    height="1rem"
                    viewBox="0 0 24 24"
                    width="1rem"
                    xmlns="http://www.w3.org/2000/svg"
                  >
                    <path
                      d="M24 2.417 21.583 0 12 9.583 2.417 0 0 2.417 9.583 12 0 21.583 2.417 24 12 14.417 21.583 24 24 21.583 14.417 12 24 2.417Z"
                      fill="#212134"
                    />
                  </svg>
                </button>
              </div>
            </div>
          </li>
          <li
            aria-describedby="some-relation-1-item-instructions"
            class="c15"
            style="position: absolute; left: 0px; top: 108px; height: 54px; width: 100%; bottom: 4px;"
          >
            <div
              class="c16 c17"
              data-handler-id="T4"
              draggable="true"
            >
              <div
                class="c18 c19"
              >
                <div
                  aria-disabled="false"
                  class="c20 c21 c22 c23"
                  role="button"
                  tabindex="0"
                  type="button"
                >
                  <span
                    class="c14"
                  >
                    Drag
                  </span>
                  <svg
                    aria-hidden="true"
                    fill="none"
                    focusable="false"
                    height="1rem"
                    viewBox="0 0 24 24"
                    width="1rem"
                    xmlns="http://www.w3.org/2000/svg"
                  >
                    <path
                      d="M16.563 5.587a2.503 2.503 0 1 0 0-5.007 2.503 2.503 0 0 0 0 5.007Z"
                      fill="#212134"
                    />
                    <path
                      d="M18.487 3.083c-.012.788-.487 1.513-1.229 1.797a1.954 1.954 0 0 1-2.184-.574A1.943 1.943 0 0 1 14.9 2.11c.4-.684 1.2-1.066 1.981-.927a1.954 1.954 0 0 1 1.606 1.9c.011.748 1.17.748 1.158 0A3.138 3.138 0 0 0 17.565.17c-1.176-.423-2.567-.03-3.36.933-.83 1.002-.968 2.45-.284 3.575.678 1.124 1.993 1.674 3.273 1.431 1.432-.272 2.428-1.593 2.451-3.019.012-.753-1.147-.753-1.158-.006ZM16.563 14.372a2.503 2.503 0 1 0 0-5.007 2.503 2.503 0 0 0 0 5.007Z"
                      fill="#212134"
                    />
                    <path
                      d="M18.487 11.867c-.012.789-.487 1.513-1.229 1.797a1.954 1.954 0 0 1-2.184-.574 1.943 1.943 0 0 1-.174-2.196c.4-.684 1.2-1.066 1.981-.927.928.156 1.588.968 1.606 1.9.011.748 1.17.748 1.158 0a3.138 3.138 0 0 0-2.08-2.914c-1.176-.423-2.567-.029-3.36.933-.83 1.002-.968 2.45-.284 3.575.678 1.124 1.993 1.675 3.273 1.431 1.432-.272 2.428-1.593 2.451-3.019.012-.753-1.147-.753-1.158-.005ZM16.563 23.392a2.503 2.503 0 1 0 0-5.006 2.503 2.503 0 0 0 0 5.006Z"
                      fill="#212134"
                    />
                    <path
                      d="M18.487 20.89c-.012.787-.487 1.512-1.229 1.796a1.954 1.954 0 0 1-2.184-.574 1.943 1.943 0 0 1-.174-2.196c.4-.684 1.2-1.066 1.981-.927.928.156 1.588.967 1.606 1.9.011.748 1.17.748 1.158 0a3.138 3.138 0 0 0-2.08-2.914c-1.176-.423-2.567-.03-3.36.933-.83 1.002-.968 2.45-.284 3.575.678 1.124 1.993 1.674 3.273 1.431 1.432-.272 2.428-1.593 2.451-3.019.012-.753-1.147-.753-1.158-.006ZM7.378 5.622a2.503 2.503 0 1 0 0-5.007 2.503 2.503 0 0 0 0 5.007Z"
                      fill="#212134"
                    />
                    <path
                      d="M9.302 3.119c-.011.788-.486 1.512-1.228 1.796a1.954 1.954 0 0 1-2.185-.574 1.943 1.943 0 0 1-.173-2.196c.4-.684 1.199-1.066 1.981-.927a1.943 1.943 0 0 1 1.605 1.9c.012.748 1.17.748 1.16 0A3.138 3.138 0 0 0 8.38.205c-1.176-.423-2.567-.029-3.36.933-.83 1.002-.968 2.45-.285 3.575.678 1.124 1.994 1.675 3.274 1.431 1.431-.272 2.428-1.593 2.451-3.019.012-.753-1.147-.753-1.159-.005ZM7.378 14.406a2.503 2.503 0 1 0 0-5.006 2.503 2.503 0 0 0 0 5.006Z"
                      fill="#212134"
                    />
                    <path
                      d="M9.302 11.902c-.011.788-.486 1.513-1.228 1.797a1.954 1.954 0 0 1-2.185-.574 1.943 1.943 0 0 1-.173-2.196c.4-.684 1.199-1.066 1.981-.927a1.943 1.943 0 0 1 1.605 1.9c.012.748 1.17.748 1.16 0A3.138 3.138 0 0 0 8.38 8.988c-1.176-.423-2.567-.03-3.36.933-.83 1.002-.968 2.45-.285 3.575.678 1.124 1.994 1.674 3.274 1.431 1.431-.272 2.428-1.593 2.451-3.019.012-.753-1.147-.753-1.159-.006ZM7.378 23.427a2.503 2.503 0 1 0 0-5.007 2.503 2.503 0 0 0 0 5.007Z"
                      fill="#212134"
                    />
                    <path
                      d="M9.302 20.924c-.011.788-.486 1.513-1.228 1.797a1.954 1.954 0 0 1-2.185-.574 1.943 1.943 0 0 1-.173-2.196c.4-.684 1.199-1.066 1.981-.927.933.156 1.594.967 1.605 1.9.012.748 1.17.748 1.16 0A3.139 3.139 0 0 0 8.38 18.01c-1.176-.423-2.567-.03-3.36.933-.83 1.002-.968 2.45-.285 3.569.678 1.124 1.994 1.675 3.274 1.431 1.431-.272 2.428-1.593 2.451-3.019.012-.747-1.147-.747-1.159 0Z"
                      fill="#212134"
                    />
                  </svg>
                </div>
                <div
                  class="c17 c24"
                >
                  <div
                    class="c25"
                  >
                    <span>
                      <span
                        aria-describedby="2"
                        class="c4 c36"
                        tabindex="0"
                      >
                        Relation 3
                      </span>
                    </span>
                  </div>
                </div>
              </div>
              <div
                class="c32"
              >
                <button
                  aria-label="Remove"
                  class="c33"
                  data-testid="remove-relation-3"
                  type="button"
                >
                  <svg
                    class="c34 c35"
                    fill="none"
                    height="1rem"
                    viewBox="0 0 24 24"
                    width="1rem"
                    xmlns="http://www.w3.org/2000/svg"
                  >
                    <path
                      d="M24 2.417 21.583 0 12 9.583 2.417 0 0 2.417 9.583 12 0 21.583 2.417 24 12 14.417 21.583 24 24 21.583 14.417 12 24 2.417Z"
                      fill="#212134"
                    />
                  </svg>
                </button>
              </div>
            </div>
          </li>
        </ol>
      </div>
    </div>
    <div
      class="c40"
    >
      <p
        class="c4 c41"
        id="1-hint"
      >
        this is a description
      </p>
    </div>
  </div>
  <div
    class="c14"
  >
    <p
      aria-live="polite"
      aria-relevant="all"
      id="live-region-log"
      role="log"
    />
    <p
      aria-live="polite"
      aria-relevant="all"
      id="live-region-status"
      role="status"
    />
    <p
      aria-live="assertive"
      aria-relevant="all"
      id="live-region-alert"
      role="alert"
    />
  </div>
</div>
`;
