// Jest Snapshot v1, https://goo.gl/fbAQLP

exports[`BulkMoveDialog renders and matches the snapshot 1`] = `
.c1 {
  padding-right: 40px;
  padding-left: 40px;
  position: fixed;
  z-index: 4;
}

.c4 {
  background: #ffffff;
  border-radius: 4px;
  box-shadow: 0px 2px 15px rgba(33,33,52,0.1);
}

.c6 {
  background: #f6f6f9;
  padding-top: 16px;
  padding-right: 20px;
  padding-bottom: 16px;
  padding-left: 20px;
}

.c11 {
  padding: 8px;
  border-radius: 4px;
  border-color: #dcdce4;
  border: 1px solid #dcdce4;
  width: 2rem;
  height: 2rem;
  cursor: pointer;
}

.c14 {
  padding: 32px;
}

.c21 {
  padding-right: 12px;
}

.c26 {
  background: #4945ff;
  padding: 8px;
  padding-right: 16px;
  padding-left: 16px;
  border-radius: 4px;
  border-color: #4945ff;
  border: 1px solid #4945ff;
  cursor: pointer;
}

.c2 {
  -webkit-align-items: center;
  -webkit-box-align: center;
  -ms-flex-align: center;
  align-items: center;
  display: -webkit-box;
  display: -webkit-flex;
  display: -ms-flexbox;
  display: flex;
  -webkit-flex-direction: row;
  -ms-flex-direction: row;
  flex-direction: row;
  -webkit-box-pack: center;
  -webkit-justify-content: center;
  -ms-flex-pack: center;
  justify-content: center;
}

.c8 {
  -webkit-align-items: center;
  -webkit-box-align: center;
  -ms-flex-align: center;
  align-items: center;
  display: -webkit-box;
  display: -webkit-flex;
  display: -ms-flexbox;
  display: flex;
  -webkit-flex-direction: row;
  -ms-flex-direction: row;
  flex-direction: row;
  -webkit-box-pack: justify;
  -webkit-justify-content: space-between;
  -ms-flex-pack: justify;
  justify-content: space-between;
}

.c18 {
  -webkit-align-items: stretch;
  -webkit-box-align: stretch;
  -ms-flex-align: stretch;
  align-items: stretch;
  display: -webkit-box;
  display: -webkit-flex;
  display: -ms-flexbox;
  display: flex;
  -webkit-flex-direction: column;
  -ms-flex-direction: column;
  flex-direction: column;
  gap: 4px;
}

.c20 {
  -webkit-align-items: center;
  -webkit-box-align: center;
  -ms-flex-align: center;
  align-items: center;
  display: -webkit-box;
  display: -webkit-flex;
  display: -ms-flexbox;
  display: flex;
  -webkit-flex-direction: row;
  -ms-flex-direction: row;
  flex-direction: row;
}

.c27 {
  -webkit-align-items: center;
  -webkit-box-align: center;
  -ms-flex-align: center;
  align-items: center;
  display: -webkit-box;
  display: -webkit-flex;
  display: -ms-flexbox;
  display: flex;
  -webkit-flex-direction: row;
  -ms-flex-direction: row;
  flex-direction: row;
  gap: 8px;
}

.c10 {
  font-size: 0.875rem;
  line-height: 1.43;
  font-weight: 600;
  color: #32324d;
}

.c19 {
  font-size: 0.75rem;
  line-height: 1.33;
  font-weight: 600;
  color: #32324d;
}

.c29 {
  font-size: 0.75rem;
  line-height: 1.33;
  font-weight: 600;
  color: #ffffff;
}

.c12 {
  position: relative;
  outline: none;
}

.c12 svg {
  height: 12px;
  width: 12px;
}

.c12 svg > g,
.c12 svg path {
  fill: #ffffff;
}

.c12[aria-disabled='true'] {
  pointer-events: none;
}

.c12:after {
  -webkit-transition-property: all;
  transition-property: all;
  -webkit-transition-duration: 0.2s;
  transition-duration: 0.2s;
  border-radius: 8px;
  content: '';
  position: absolute;
  top: -4px;
  bottom: -4px;
  left: -4px;
  right: -4px;
  border: 2px solid transparent;
}

.c12:focus-visible {
  outline: none;
}

.c12:focus-visible:after {
  border-radius: 8px;
  content: '';
  position: absolute;
  top: -5px;
  bottom: -5px;
  left: -5px;
  right: -5px;
  border: 2px solid #4945ff;
}

.c0 {
  border: 0;
  -webkit-clip: rect(0 0 0 0);
  clip: rect(0 0 0 0);
  height: 1px;
  margin: -1px;
  overflow: hidden;
  padding: 0;
  position: absolute;
  width: 1px;
}

.c28 {
  height: 2rem;
  border: 1px solid #dcdce4;
  background: #ffffff;
}

.c28[aria-disabled='true'] {
  border: 1px solid #dcdce4;
  background: #eaeaef;
}

.c28[aria-disabled='true'] .c9 {
  color: #666687;
}

.c28[aria-disabled='true'] svg > g,.c28[aria-disabled='true'] svg path {
  fill: #666687;
}

.c28[aria-disabled='true']:active {
  border: 1px solid #dcdce4;
  background: #eaeaef;
}

.c28[aria-disabled='true']:active .c9 {
  color: #666687;
}

.c28[aria-disabled='true']:active svg > g,.c28[aria-disabled='true']:active svg path {
  fill: #666687;
}

.c28:hover {
  background-color: #f6f6f9;
}

.c28:active {
  background-color: #eaeaef;
}

.c28 .c9 {
  color: #32324d;
}

.c28 svg > g,
.c28 svg path {
  fill: #32324d;
}

.c30 {
  height: 2rem;
}

.c30[aria-disabled='true'] {
  border: 1px solid #dcdce4;
  background: #eaeaef;
}

.c30[aria-disabled='true'] .c9 {
  color: #666687;
}

.c30[aria-disabled='true'] svg > g,.c30[aria-disabled='true'] svg path {
  fill: #666687;
}

.c30[aria-disabled='true']:active {
  border: 1px solid #dcdce4;
  background: #eaeaef;
}

.c30[aria-disabled='true']:active .c9 {
  color: #666687;
}

.c30[aria-disabled='true']:active svg > g,.c30[aria-disabled='true']:active svg path {
  fill: #666687;
}

.c30:hover {
  border: 1px solid #7b79ff;
  background: #7b79ff;
}

.c30:active {
  border: 1px solid #4945ff;
  background: #4945ff;
}

.c30 svg > g,
.c30 svg path {
  fill: #ffffff;
}

.c16 {
  display: grid;
  grid-template-columns: repeat(12,1fr);
  gap: 16px;
}

.c17 {
  grid-column: span 12;
  max-width: 100%;
}

.c13 svg > g,
.c13 svg path {
  fill: #8e8ea9;
}

.c13:hover svg > g,
.c13:hover svg path {
  fill: #666687;
}

.c13:active svg > g,
.c13:active svg path {
  fill: #a5a5ba;
}

.c13[aria-disabled='true'] svg path {
  fill: #666687;
}

.c3 {
  inset: 0;
  background: #32324d1F;
}

.c5 {
  width: 51.875rem;
}

.c7 {
  border-radius: 4px 4px 0 0;
  border-bottom: 1px solid #eaeaef;
}

.c24 {
  border-radius: 0 0 4px 4px;
  border-top: 1px solid #eaeaef;
}

.c25 > * + * {
  margin-left: 8px;
}

.c15 {
  overflow: auto;
  max-height: 60vh;
}

.c22 {
  background: transparent;
  border: none;
  position: relative;
  z-index: 1;
}

.c22 svg {
  height: 0.6875rem;
  width: 0.6875rem;
}

.c22 svg path {
  fill: #666687;
}

.c23 {
  display: -webkit-box;
  display: -webkit-flex;
  display: -ms-flexbox;
  display: flex;
  background: none;
  border: none;
}

.c23 svg {
  width: 0.5625rem;
}

@media (max-width:68.75rem) {
  .c17 {
    grid-column: span;
  }
}

@media (max-width:34.375rem) {
  .c17 {
    grid-column: span 12;
  }
}

<body
  class="lock-body-scroll"
>
  <div>
    <div
      class="c0"
    >
      <p
        aria-live="polite"
        aria-relevant="all"
        id="live-region-log"
        role="log"
      />
      <p
        aria-live="polite"
        aria-relevant="all"
        id="live-region-status"
        role="status"
      />
      <p
        aria-live="assertive"
        aria-relevant="all"
        id="live-region-alert"
        role="alert"
      />
    </div>
  </div>
  <div
    data-react-portal="true"
  >
    <div
      class="c1 c2 c3"
    >
      <div>
        <div>
          <div
            aria-labelledby="title"
            aria-modal="true"
            class="c4 c5"
            role="dialog"
          >
            <form
              action="#"
              novalidate=""
            >
              <div
                class="c6 c7"
              >
                <div
                  class="c8"
                >
                  <h2
                    class="c9 c10"
                    id="title"
                  >
                    Move elements to
                  </h2>
                  <button
                    aria-disabled="false"
                    class="c11 c2 c12 c13"
                    type="button"
                  >
                    <span
                      class="c0"
                    >
                      Close the modal
                    </span>
                    <svg
                      aria-hidden="true"
                      fill="none"
                      focusable="false"
                      height="1rem"
                      viewBox="0 0 24 24"
                      width="1rem"
                      xmlns="http://www.w3.org/2000/svg"
                    >
                      <path
                        d="M24 2.417 21.583 0 12 9.583 2.417 0 0 2.417 9.583 12 0 21.583 2.417 24 12 14.417 21.583 24 24 21.583 14.417 12 24 2.417Z"
                        fill="#212134"
                      />
                    </svg>
                  </button>
                </div>
              </div>
              <div
                class="c14 c15"
              >
                <div
                  class="c16"
                >
                  <div
                    class="c17"
                  >
                    <div
                      class=""
                    >
                      <div
                        class="c18"
                      >
                        <label
                          class="c9 c19"
                          for="folder-destination"
                        >
                          <div
                            class="c20"
                          >
                            Location
                          </div>
                        </label>
                        <div
                          class=" css-1iyvlxg-container"
                        >
                          <span
                            class="css-1f43avz-a11yText-A11yText"
                            id="react-select-2-live-region"
                          />
                          <span
                            aria-atomic="false"
                            aria-live="polite"
                            aria-relevant="additions text"
                            class="css-1f43avz-a11yText-A11yText"
                          />
                          <div
                            class=" css-1ckpxei-control"
                          >
                            <div
                              class=" css-1drmnx5-ValueContainer"
                            >
                              <div
                                class=" css-1ryi7up-singleValue"
                              >
                                Media Library
                              </div>
                              <input
                                aria-autocomplete="list"
                                aria-expanded="false"
                                aria-haspopup="true"
                                aria-invalid="false"
                                aria-readonly="true"
                                class="css-mohuvp-dummyInput-DummyInput"
                                id="folder-destination"
                                inputmode="none"
                                role="combobox"
                                tabindex="0"
                                value=""
                              />
                            </div>
                            <div
                              class=" css-1hb7zxy-IndicatorsContainer"
                            >
                              <div
                                aria-hidden="true"
                                class="c21 c22 c23"
                              >
                                <svg
                                  fill="none"
                                  height="1rem"
                                  viewBox="0 0 14 8"
                                  width="1rem"
                                  xmlns="http://www.w3.org/2000/svg"
                                >
                                  <path
                                    clip-rule="evenodd"
                                    d="M14 .889a.86.86 0 0 1-.26.625L7.615 7.736A.834.834 0 0 1 7 8a.834.834 0 0 1-.615-.264L.26 1.514A.861.861 0 0 1 0 .889c0-.24.087-.45.26-.625A.834.834 0 0 1 .875 0h12.25c.237 0 .442.088.615.264a.86.86 0 0 1 .26.625Z"
                                    fill="#32324D"
                                    fill-rule="evenodd"
                                  />
                                </svg>
                              </div>
                            </div>
                          </div>
                          <input
                            name="destination"
                            type="hidden"
                            value=""
                          />
                        </div>
                      </div>
                    </div>
                  </div>
                </div>
              </div>
              <div
                class="c6 c24"
              >
                <div
                  class="c8"
                >
                  <div
                    class="c20 c25"
                  >
                    <button
                      aria-disabled="false"
                      class="c26 c27 c12 c28"
                      name="cancel"
                      type="button"
                    >
                      <span
                        class="c9 c29"
                      >
                        Cancel
                      </span>
                    </button>
                  </div>
                  <div
                    class="c20 c25"
                  >
                    <button
                      aria-disabled="false"
                      class="c26 c27 c12 c30"
                      type="submit"
                    >
                      <span
                        class="c9 c29"
                      >
                        Move
                      </span>
                    </button>
                  </div>
                </div>
              </div>
            </form>
          </div>
        </div>
      </div>
    </div>
  </div>
</body>
`;
