// Jest Snapshot v1, https://goo.gl/fbAQLP

exports[`DateTimePicker snapshots the component 1`] = `
.c6 {
  padding-right: 8px;
  padding-left: 12px;
}

.c12 {
  padding-left: 12px;
}

.c14 {
  padding-right: 16px;
  padding-left: 16px;
}

.c0 {
  -webkit-align-items: stretch;
  -webkit-box-align: stretch;
  -ms-flex-align: stretch;
  align-items: stretch;
  display: -webkit-box;
  display: -webkit-flex;
  display: -ms-flexbox;
  display: flex;
  -webkit-flex-direction: column;
  -ms-flex-direction: column;
  flex-direction: column;
  gap: 4px;
}

.c2 {
  -webkit-align-items: center;
  -webkit-box-align: center;
  -ms-flex-align: center;
  align-items: center;
  display: -webkit-box;
  display: -webkit-flex;
  display: -ms-flexbox;
  display: flex;
  -webkit-flex-direction: row;
  -ms-flex-direction: row;
  flex-direction: row;
}

.c3 {
  -webkit-align-items: center;
  -webkit-box-align: center;
  -ms-flex-align: center;
  align-items: center;
  display: -webkit-box;
  display: -webkit-flex;
  display: -ms-flexbox;
  display: flex;
  -webkit-flex-direction: row;
  -ms-flex-direction: row;
  flex-direction: row;
  gap: 8px;
}

.c4 {
  -webkit-align-items: center;
  -webkit-box-align: center;
  -ms-flex-align: center;
  align-items: center;
  display: -webkit-box;
  display: -webkit-flex;
  display: -ms-flexbox;
  display: flex;
  -webkit-flex-direction: row;
  -ms-flex-direction: row;
  flex-direction: row;
  -webkit-box-pack: justify;
  -webkit-justify-content: space-between;
  -ms-flex-pack: justify;
  justify-content: space-between;
}

.c1 {
  font-size: 0.75rem;
  line-height: 1.33;
  font-weight: 600;
  color: #32324d;
}

.c15 {
  font-size: 0.875rem;
  line-height: 1.43;
  display: block;
  white-space: nowrap;
  overflow: hidden;
  text-overflow: ellipsis;
  color: #32324d;
}

.c18 {
  font-size: 0.75rem;
  line-height: 1.33;
  color: #666687;
}

.c8 {
  border: none;
  border-radius: 4px;
  padding-bottom: 0.65625rem;
  padding-left: 0;
  padding-right: 16px;
  padding-top: 0.65625rem;
  color: #32324d;
  font-weight: 400;
  font-size: 0.875rem;
  display: block;
  width: 100%;
  background: inherit;
}

.c8::-webkit-input-placeholder {
  color: #8e8ea9;
  opacity: 1;
}

.c8::-moz-placeholder {
  color: #8e8ea9;
  opacity: 1;
}

.c8:-ms-input-placeholder {
  color: #8e8ea9;
  opacity: 1;
}

.c8::placeholder {
  color: #8e8ea9;
  opacity: 1;
}

.c8[aria-disabled='true'] {
  color: inherit;
}

.c8:focus {
  outline: none;
  box-shadow: none;
}

.c5 {
  border: 1px solid #dcdce4;
  border-radius: 4px;
  background: #ffffff;
  outline: none;
  box-shadow: 0;
  -webkit-transition-property: border-color,box-shadow,fill;
  transition-property: border-color,box-shadow,fill;
  -webkit-transition-duration: 0.2s;
  transition-duration: 0.2s;
}

.c5:focus-within {
  border: 1px solid #4945ff;
  box-shadow: #4945ff 0px 0px 0px 2px;
}

.c9 {
  position: relative;
  border: 1px solid #dcdce4;
  padding-right: 12px;
  border-radius: 4px;
  background: #ffffff;
  overflow: hidden;
  min-height: 2.5rem;
  outline: none;
  box-shadow: 0;
  -webkit-transition-property: border-color,box-shadow,fill;
  transition-property: border-color,box-shadow,fill;
  -webkit-transition-duration: 0.2s;
  transition-duration: 0.2s;
}

.c9:focus-within {
  border: 1px solid #4945ff;
  box-shadow: #4945ff 0px 0px 0px 2px;
}

.c16 {
  background: transparent;
  border: none;
  position: relative;
  z-index: 1;
}

.c16 svg {
  height: 0.6875rem;
  width: 0.6875rem;
}

.c16 svg path {
  fill: #666687;
}

.c17 {
  display: -webkit-box;
  display: -webkit-flex;
  display: -ms-flexbox;
  display: flex;
  background: none;
  border: none;
}

.c17 svg {
  width: 0.375rem;
}

.c7 {
  border: none;
  background: transparent;
  border-radius: 4px;
}

.c7 svg path {
  fill: #8e8ea9;
}

.c10 {
  position: absolute;
  left: 0;
  right: 0;
  bottom: 0;
  top: 0;
  width: 100%;
  background: transparent;
  border: none;
}

.c10:focus {
  outline: none;
}

.c10[aria-disabled='true'] {
  cursor: not-allowed;
}

.c11 {
  width: 100%;
}

.c13 {
  display: -webkit-box;
  display: -webkit-flex;
  display: -ms-flexbox;
  display: flex;
  -webkit-align-items: center;
  -webkit-box-align: center;
  -ms-flex-align: center;
  align-items: center;
}

.c13 svg {
  height: 1rem;
  width: 1rem;
}

.c13 svg path {
  fill: #8e8ea9;
}

<div
  aria-labelledby="6"
  class=""
  role="group"
>
  <div
    class="c0"
  >
    <label
      class="c1"
      for="6"
    >
      <div
        class="c2"
      >
        Date time picker
      </div>
    </label>
    <div
      class="c3"
    >
      <div
        class=""
      >
        <div>
          <div
            class=""
          >
            <div
              class="c0"
            >
              <div
                class="c4 c5"
              >
                <div
                  class="c6"
                >
                  <button
                    aria-disabled="false"
                    aria-label="Date picker, current is 10/13/2021"
                    class="c7"
                    type="button"
                  >
                    <svg
                      aria-hidden="true"
                      fill="none"
                      height="1rem"
                      viewBox="0 0 24 24"
                      width="1rem"
                      xmlns="http://www.w3.org/2000/svg"
                    >
                      <path
                        clip-rule="evenodd"
                        d="M3.869 2.99V0h2.9v2.99h10.463V0h2.9v2.99h.629c2.768 0 3.203.498 3.239 2.926V21c0 2.124-.191 3-2.802 3H2.818C.208 24 0 23.363 0 20.785V6.21c.035-2.049.233-3.22 3.001-3.22h.868ZM2.32 20.369c0 .811.245.865.776.865h17.905c.53 0 .68-.012.68-.825V8.233c-.015-.627-.219-.737-.631-.737H2.907c-.413 0-.592.09-.587.573v12.3Z"
                        fill="#212134"
                        fill-rule="evenodd"
                      />
                    </svg>
                  </button>
                </div>
                <input
                  aria-autocomplete="none"
                  aria-describedby="6-hint"
                  aria-disabled="false"
                  aria-invalid="false"
                  aria-label="Date time picker"
                  aria-required="false"
                  class="c8"
                  data-testid="datetimepicker-date"
                  id="6"
                  name="datetimepicker"
                  value="10/13/2021"
                />
              </div>
            </div>
          </div>
        </div>
      </div>
      <div
        class=""
      >
        <div
          class="c0"
        >
          <div
            class="c2 c9"
          >
            <button
              aria-describedby="4-hint"
              aria-disabled="false"
              aria-expanded="false"
              aria-haspopup="listbox"
              aria-label="Date time picker"
              aria-labelledby="4 4-label 4-content"
              class="c10"
              data-testid="datetimepicker-time"
              id="4"
              type="button"
            />
            <div
              class="c4 c11"
            >
              <div
                class="c2"
              >
                <div
                  aria-hidden="true"
                  class="c12"
                >
                  <div
                    class="c13"
                  >
                    <svg
                      fill="none"
                      height="1rem"
                      viewBox="0 0 24 24"
                      width="1rem"
                      xmlns="http://www.w3.org/2000/svg"
                    >
                      <path
                        clip-rule="evenodd"
                        d="M0 12C0 5.37 5.364 0 11.994 0S24 5.37 24 12s-5.376 12-12.006 12S0 18.63 0 12Zm2.4 0c0 5.304 4.296 9.6 9.6 9.6 5.304 0 9.6-4.296 9.6-9.6 0-5.304-4.296-9.6-9.6-9.6A9.597 9.597 0 0 0 2.4 12Zm8.4-6h1.8v6.3l5.4 3.204-.906 1.476L10.8 13.2V6Z"
                        fill="#212134"
                        fill-rule="evenodd"
                      />
                    </svg>
                  </div>
                </div>
                <div
                  class="c14"
                >
                  <span
                    class="c15"
                    id="4-content"
                  >
                    10:00
                  </span>
                </div>
              </div>
              <div
                class="c2"
              >
                <button
                  aria-hidden="true"
                  class="c12 c16 c17"
                  tabindex="-1"
                  title="select"
                  type="button"
                >
                  <svg
                    fill="none"
                    height="1rem"
                    viewBox="0 0 14 8"
                    width="1rem"
                    xmlns="http://www.w3.org/2000/svg"
                  >
                    <path
                      clip-rule="evenodd"
                      d="M14 .889a.86.86 0 0 1-.26.625L7.615 7.736A.834.834 0 0 1 7 8a.834.834 0 0 1-.615-.264L.26 1.514A.861.861 0 0 1 0 .889c0-.24.087-.45.26-.625A.834.834 0 0 1 .875 0h12.25c.237 0 .442.088.615.264a.86.86 0 0 1 .26.625Z"
                      fill="#32324D"
                      fill-rule="evenodd"
                    />
                  </svg>
                </button>
              </div>
            </div>
          </div>
        </div>
      </div>
    </div>
    <p
      class="c18"
      id="6-hint"
    >
      This is a super description
    </p>
  </div>
</div>
`;
