// Jest Snapshot v1, https://goo.gl/fbAQLP

exports[`Upload - Configure | Settings initial render renders and matches the snapshot 1`] = `
.c0 {
  background: #ffffff;
  padding-top: 24px;
  padding-right: 32px;
  padding-bottom: 24px;
  padding-left: 32px;
  border-radius: 4px;
  box-shadow: 0px 1px 4px rgba(33,33,52,0.1);
}

.c10 {
  padding-right: 16px;
  padding-left: 16px;
}

.c12 {
  padding-left: 12px;
}

.c3 {
  -webkit-align-items: stretch;
  -webkit-box-align: stretch;
  -ms-flex-align: stretch;
  align-items: stretch;
  display: -webkit-box;
  display: -webkit-flex;
  display: -ms-flexbox;
  display: flex;
  -webkit-flex-direction: column;
  -ms-flex-direction: column;
  flex-direction: column;
  gap: 4px;
}

.c5 {
  -webkit-align-items: center;
  -webkit-box-align: center;
  -ms-flex-align: center;
  align-items: center;
  display: -webkit-box;
  display: -webkit-flex;
  display: -ms-flexbox;
  display: flex;
  -webkit-flex-direction: row;
  -ms-flex-direction: row;
  flex-direction: row;
}

.c8 {
  -webkit-align-items: center;
  -webkit-box-align: center;
  -ms-flex-align: center;
  align-items: center;
  display: -webkit-box;
  display: -webkit-flex;
  display: -ms-flexbox;
  display: flex;
  -webkit-flex-direction: row;
  -ms-flex-direction: row;
  flex-direction: row;
  -webkit-box-pack: justify;
  -webkit-justify-content: space-between;
  -ms-flex-pack: justify;
  justify-content: space-between;
}

.c4 {
  font-size: 0.75rem;
  line-height: 1.33;
  font-weight: 600;
  color: #32324d;
}

.c11 {
  font-size: 0.875rem;
  line-height: 1.43;
  display: block;
  white-space: nowrap;
  overflow: hidden;
  text-overflow: ellipsis;
  color: #32324d;
}

.c15 {
  font-size: 0.75rem;
  line-height: 1.33;
  color: #666687;
}

.c16 {
  border: 0;
  -webkit-clip: rect(0 0 0 0);
  clip: rect(0 0 0 0);
  height: 1px;
  margin: -1px;
  overflow: hidden;
  padding: 0;
  position: absolute;
  width: 1px;
}

.c6 {
  position: relative;
  border: 1px solid #dcdce4;
  padding-right: 12px;
  border-radius: 4px;
  background: #ffffff;
  overflow: hidden;
  min-height: 2.5rem;
  outline: none;
  box-shadow: 0;
  -webkit-transition-property: border-color,box-shadow,fill;
  transition-property: border-color,box-shadow,fill;
  -webkit-transition-duration: 0.2s;
  transition-duration: 0.2s;
}

.c6:focus-within {
  border: 1px solid #4945ff;
  box-shadow: #4945ff 0px 0px 0px 2px;
}

.c13 {
  background: transparent;
  border: none;
  position: relative;
  z-index: 1;
}

.c13 svg {
  height: 0.6875rem;
  width: 0.6875rem;
}

.c13 svg path {
  fill: #666687;
}

.c14 {
  display: -webkit-box;
  display: -webkit-flex;
  display: -ms-flexbox;
  display: flex;
  background: none;
  border: none;
}

.c14 svg {
  width: 0.375rem;
}

.c7 {
  position: absolute;
  left: 0;
  right: 0;
  bottom: 0;
  top: 0;
  width: 100%;
  background: transparent;
  border: none;
}

.c7:focus {
  outline: none;
}

.c7[aria-disabled='true'] {
  cursor: not-allowed;
}

.c9 {
  width: 100%;
}

.c1 {
  display: grid;
  grid-template-columns: repeat(12,1fr);
  gap: 16px;
}

.c2 {
  grid-column: span 6;
  max-width: 100%;
}

@media (max-width:68.75rem) {
  .c2 {
    grid-column: span 12;
  }
}

@media (max-width:34.375rem) {
  .c2 {
    grid-column: span;
  }
}

<div>
  <div
    class="c0"
  >
    <div
      class="c1"
    >
      <div
        class="c2"
      >
        <div
          class=""
        >
          <div
            class=""
          >
            <div
              class="c3"
            >
              <label
                class="c4"
                for="1"
              >
                <div
                  class="c5"
                >
                  Entries per page
                </div>
              </label>
              <div
                class="c5 c6"
              >
                <button
                  aria-describedby="1-hint"
                  aria-disabled="false"
                  aria-expanded="false"
                  aria-haspopup="listbox"
                  aria-labelledby="1 1-label 1-content"
                  class="c7"
                  data-testid="pageSize-select"
                  id="1"
                  name="pageSize"
                  type="button"
                />
                <div
                  class="c8 c9"
                >
                  <div
                    class="c5"
                  >
                    <div
                      class="c10"
                    >
                      <span
                        class="c11"
                        id="1-content"
                      >
                        10
                      </span>
                    </div>
                  </div>
                  <div
                    class="c5"
                  >
                    <button
                      aria-hidden="true"
                      class="c12 c13 c14"
                      tabindex="-1"
                      title="Carret Down Button"
                      type="button"
                    >
                      <svg
                        fill="none"
                        height="1rem"
                        viewBox="0 0 14 8"
                        width="1rem"
                        xmlns="http://www.w3.org/2000/svg"
                      >
                        <path
                          clip-rule="evenodd"
                          d="M14 .889a.86.86 0 0 1-.26.625L7.615 7.736A.834.834 0 0 1 7 8a.834.834 0 0 1-.615-.264L.26 1.514A.861.861 0 0 1 0 .889c0-.24.087-.45.26-.625A.834.834 0 0 1 .875 0h12.25c.237 0 .442.088.615.264a.86.86 0 0 1 .26.625Z"
                          fill="#32324D"
                          fill-rule="evenodd"
                        />
                      </svg>
                    </button>
                  </div>
                </div>
              </div>
              <p
                class="c15"
                id="1-hint"
              >
                Number of assets displayed by default in the Media Library
              </p>
            </div>
          </div>
        </div>
      </div>
      <div
        class="c2"
      >
        <div
          class=""
        >
          <div
            class=""
          >
            <div
              class="c3"
            >
              <label
                class="c4"
                for="3"
              >
                <div
                  class="c5"
                >
                  Default sort order
                </div>
              </label>
              <div
                class="c5 c6"
              >
                <button
                  aria-describedby="3-hint"
                  aria-disabled="false"
                  aria-expanded="false"
                  aria-haspopup="listbox"
                  aria-labelledby="3 3-label 3-content"
                  class="c7"
                  data-testid="sort-select"
                  id="3"
                  name="sort"
                  type="button"
                />
                <div
                  class="c8 c9"
                >
                  <div
                    class="c5"
                  >
                    <div
                      class="c10"
                    >
                      <span
                        class="c11"
                        id="3-content"
                      >
                        createdAt:DESC
                      </span>
                    </div>
                  </div>
                  <div
                    class="c5"
                  >
                    <button
                      aria-hidden="true"
                      class="c12 c13 c14"
                      tabindex="-1"
                      title="Carret Down Button"
                      type="button"
                    >
                      <svg
                        fill="none"
                        height="1rem"
                        viewBox="0 0 14 8"
                        width="1rem"
                        xmlns="http://www.w3.org/2000/svg"
                      >
                        <path
                          clip-rule="evenodd"
                          d="M14 .889a.86.86 0 0 1-.26.625L7.615 7.736A.834.834 0 0 1 7 8a.834.834 0 0 1-.615-.264L.26 1.514A.861.861 0 0 1 0 .889c0-.24.087-.45.26-.625A.834.834 0 0 1 .875 0h12.25c.237 0 .442.088.615.264a.86.86 0 0 1 .26.625Z"
                          fill="#32324D"
                          fill-rule="evenodd"
                        />
                      </svg>
                    </button>
                  </div>
                </div>
              </div>
              <p
                class="c15"
                id="3-hint"
              >
                Note: You can override this value in the media library.
              </p>
            </div>
          </div>
        </div>
      </div>
    </div>
  </div>
  <div
    class="c16"
  >
    <p
      aria-live="polite"
      aria-relevant="all"
      id="live-region-log"
      role="log"
    />
    <p
      aria-live="polite"
      aria-relevant="all"
      id="live-region-status"
      role="status"
    />
    <p
      aria-live="assertive"
      aria-relevant="all"
      id="live-region-alert"
      role="alert"
    />
  </div>
</div>
`;
